******************************************************************************
                  TI ARM Linker PC v20.2.5                     
******************************************************************************
>> Linked Fri Jan  7 15:58:00 2022

OUTPUT FILE NAME:   <TI_RTOS_IoT_GestureBasedWeatherTracking.out>
ENTRY POINT SYMBOL: "_c_int00"  address: 00013095


MEMORY CONFIGURATION

         name            origin    length      used     unused   attr    fill
----------------------  --------  ---------  --------  --------  ----  --------
  FLASH                 00000000   00100000  0001b47d  000e4b83  R  X
  SRAM                  20000000   00040000  0002b6b4  0001494c  RW X


SEGMENT ALLOCATION MAP

run origin  load origin   length   init length attrs members
----------  ----------- ---------- ----------- ----- -------
00000000    00000000    0001b488   0001b488    r-x
  00000000    00000000    0000003c   0000003c    r-- .resetVecs
  00000040    00000040    000181ea   000181ea    r-x .text
  00018230    00018230    00002d07   00002d07    r-- .const
  0001af38    0001af38    00000550   00000550    r-- .cinit
20000000    20000000    00000360   00000000    rw-
  20000000    20000000    00000360   00000000    rw- .vecs
20000380    20000380    0002b354   00000000    rw-
  20000380    20000380    000297b8   00000000    rw- .bss
  20029b38    20029b38    00001000   00000000    rw- .stack
  2002ab38    2002ab38    00000b9c   00000000    rw- .data


SECTION ALLOCATION MAP

 output                                  attributes/
section   page    origin      length       input sections
--------  ----  ----------  ----------   ----------------
.text      0    00000040    000181ea     
                  00000040    00000c68     stk.aem4f : tcpin.oem4f (.text:TcpInput)
                  00000ca8    00000a4e     rtsv7M4_T_le_v4SPD16_eabi.lib : _printfi.c.obj (.text:__TI_printfi)
                  000016f6    00000002     hal_userled_stub.aem4f : llled.oem4f (.text:LED_TOGGLE)
                  000016f8    000008b8     stk.aem4f : tcpout.oem4f (.text:TcpOutput)
                  00001fb0    00000478     sntp_ndk.aem4f : sntp.oem4f (.text:syncTime)
                  00002428    00000460     rtsv7M4_T_le_v4SPD16_eabi.lib : strtod.c.obj (.text:strtod)
                  00002888    00000430     sysbios.aem4f : BIOS.obj (.text:ti_sysbios_family_arm_m3_Hwi_excDumpRegs__I)
                  00002cb8    00000408     stk.aem4f : ipout.oem4f (.text:IPTxPacket)
                  000030c0    00000388     sntp_ndk.aem4f : sntp.oem4f (.text:SNTP_start)
                  00003448    00000384     stk.aem4f : ipin.oem4f (.text:IPRxPacket)
                  000037cc    00000372     nettool_ipv4.aem4f : dnscomn.oem4f (.text:DNSResolveByName)
                  00003b3e    00000002     stk.aem4f : nat.oem4f (.text:NatMsg)
                  00003b40    0000034c     ti.targets.arm.rtsarm.aem4f : System.oem4f (.text:xdc_runtime_System_doPrint__I)
                  00003e8c    00000308     main.obj (.text:httpTask)
                  00004194    000002fe     nettool_ipv4.aem4f : dnscomn.oem4f (.text:DNSResolveByAddr)
                  00004492    00000002     os.aem4f : task.oem4f (.text:_TaskInit)
                  00004494    000002f8     nettool_ipv4.aem4f : inetaddr.oem4f (.text:getaddrinfo)
                  0000478c    000002da                        : dnscomn.oem4f (.text:DNSResolveByNS)
                  00004a66    00000002     os.aem4f : task.oem4f (.text:_TaskShutdown)
                  00004a68    000002a0     rtsv7M4_T_le_v4SPD16_eabi.lib : mktime.c.obj (.text:__mktime32)
                  00004d08    00000284     stk.aem4f : sock.oem4f (.text:SockSet)
                  00004f8c    00000270     rtsv7M4_T_le_v4SPD16_eabi.lib : _printfi.c.obj (.text:_pconv_a)
                  000051fc    0000025e     stk.aem4f : fileuser.oem4f (.text:fdPoll)
                  0000545a    00000002     hal_ser_stub.aem4f : llserstb.oem4f (.text:_llSerialServiceCheck)
                  0000545c    0000024c     stk.aem4f : ipfrag.oem4f (.text:IPReasm)
                  000056a8    0000023c               : icmpin.oem4f (.text:ICMPInput)
                  000058e4    00000238               : udp.oem4f (.text:UdpInput)
                  00005b1c    00000204     Boot.aem4f : Boot_sysctl.oem4f (.text:ti_catalog_arm_cortexm4_tiva_ce_Boot_sysCtlClockFreqSetI__I)
                  00005d20    00000200     paj7620.obj (.text:paj7620Init)
                  00005f20    000001f4     stk.aem4f : sock.oem4f (.text:SockRecv)
                  00006114    00000004               : bind.oem4f (.text:BindGetIF)
                  00006118    000001f4     sysbios.aem4f : BIOS.obj (.text:ti_sysbios_family_arm_m3_Hwi_excHandlerMax__I)
                  0000630c    000001d0     rtsv7M4_T_le_v4SPD16_eabi.lib : _printfi.c.obj (.text:_pconv_g)
                  000064dc    000001b8     drivers_tivaware.aem4f : EMACSnow.oem4f (.text:EMACSnow_NIMUInit)
                  00006694    000001b6     rtsv7M4_T_le_v4SPD16_eabi.lib : fd_add_t2.asm.obj (.text)
                  0000684a    00000002     hal_ser_stub.aem4f : llserstb.oem4f (.text:_llSerialShutdown)
                  0000684c    000001b0     stk.aem4f : lliout.oem4f (.text:LLITxIpPacket)
                  000069fc    000001ac               : lliin.oem4f (.text:LLIRxPacket)
                  00006ba8    0000019c     os.aem4f : mem.oem4f (.text:mmAlloc)
                  00006d44    0000019a     nettool_ipv4.aem4f : dnsclnt.oem4f (.text:DNSResolve)
                  00006ede    00000002     hal_userled_stub.aem4f : llled.oem4f (.text:_llUserLedInit)
                  00006ee0    00000198     stk.aem4f : igmp.oem4f (.text:IGMPInput)
                  00007078    00000198     nettool_ipv4.aem4f : ipaddr.oem4f (.text:NtGetPublicHost)
                  00007210    00000190     stk.aem4f : sock.oem4f (.text:SockNew)
                  000073a0    00000186               : fileuser.oem4f (.text:fdSelect)
                  00007526    00000002     hal_userled_stub.aem4f : llled.oem4f (.text:_llUserLedShutdown)
                  00007528    00000174     netctrl_min_ipv4.aem4f : netctrl.oem4f (.text:NC_NetStart)
                  0000769c    00000174     main.obj (.text:startNTP)
                  00007810    00000174     sysbios.aem4f : BIOS.obj (.text:ti_sysbios_family_arm_m3_Hwi_excBusFault__I)
                  00007984    00000170     stk.aem4f : rtc.oem4f (.text:RTCReport)
                  00007af4    0000016c     nettool_ipv4.aem4f : dnscomn.oem4f (.text:DNSResolveExternal)
                  00007c60    0000016a     stk.aem4f : sb.oem4f (.text:SBRead)
                  00007dca    00000006     driverlib.lib : emac.obj (.text:EMACRxDMADescriptorListSet)
                  00007dd0    00000164     sysbios.aem4f : BIOS.obj (.text:ti_sysbios_family_arm_m3_Hwi_excUsageFault__I)
                  00007f34    00000160     stk.aem4f : sock.oem4f (.text:SockConnect)
                  00008094    00000158     nettool_ipv4.aem4f : dhcpmain.oem4f (.text:DHCPOpen)
                  000081ec    00000150     drivers_tivaware.aem4f : GPIOTiva.oem4f (.text:GPIO_setConfig)
                  0000833c    00000004     stk.aem4f : bind.oem4f (.text:BindGetNext)
                  00008340    00000150     sysbios.aem4f : BIOS.obj (.text:ti_sysbios_knl_Event_pend__E)
                  00008490    00000150                   : BIOS.obj (.text:ti_sysbios_knl_Task_Instance_finalize__E)
                  000085e0    00000148                   : BIOS.obj (.text:ti_sysbios_family_arm_m3_Hwi_excMemFault__I)
                  00008728    00000144     stk.aem4f : bind.oem4f (.text:BindNew)
                  0000886c    00000140               : tcp.oem4f (.text:TcpTimeoutCheck)
                  000089ac    0000013c     nettool_ipv4.aem4f : config.oem4f (.text:CfgAddEntry)
                  00008ae8    0000013c     stk.aem4f : sockint.oem4f (.text:SockNotify)
                  00008c24    0000013c               : sock.oem4f (.text:SockSend)
                  00008d60    0000013c     rtsv7M4_T_le_v4SPD16_eabi.lib : _printfi.c.obj (.text:_pconv_e)
                  00008e9c    00000004     http_ndk.aem4f : httpcli.oem4f (.text:HTTPCli_construct)
                  00008ea0    00000138     sysbios.aem4f : BIOS.obj (.text:ti_sysbios_knl_Semaphore_pend__E)
                  00008fd8    00000136     nettool_ipv4.aem4f : dnspkt.oem4f (.text:DNSGetReply)
                  0000910e    00000136     rtsv7M4_T_le_v4SPD16_eabi.lib : fd_div_t2.asm.obj (.text)
                  00009244    00000134     stk.aem4f : icmp.oem4f (.text:ICMPGenPacket)
                  00009378    00000134     rtsv7M4_T_le_v4SPD16_eabi.lib : localtim.c.obj (.text:__localtime32)
                  000094ac    00000132     nettool_ipv4.aem4f : dnspkt.oem4f (.text:DNSReadRecord)
                  000095de    00000130     driverlib.lib : gpio.obj (.text:GPIOPadConfigSet)
                  0000970e    00000002     rtsv7M4_T_le_v4SPD16_eabi.lib : _lock.c.obj (.text:_nop)
                  00009710    0000012c     EK_TM4C1294XL.obj (.text:EK_TM4C1294XL_initEMAC)
                  0000983c    00000128     http_ndk.aem4f : httpcli.oem4f (.text:contentHandler)
                  00009964    00000124     stk.aem4f : sockpcb.oem4f (.text:SockPcbResolve)
                  00009a88    00000124               : udp.oem4f (.text:UdpOutput)
                  00009bac    00000124     rtsv7M4_T_le_v4SPD16_eabi.lib : _printfi.c.obj (.text:fcvt)
                  00009cd0    00000124     main.obj (.text:sendData2Server)
                  00009df4    00000120     main_pem4f.oem4f (.text:ti_ndk_config_Global_stackThread)
                  00009f14    00000118     http_ndk.aem4f : httpcli.oem4f (.text:HTTPCli_connect)
                  0000a02c    00000118     stk.aem4f : tcpout.oem4f (.text:TcpGenPacket)
                  0000a144    00000118     ti.targets.arm.rtsarm.aem4f : Error.oem4f (.text:xdc_runtime_Error_policyDefault__E)
                  0000a25c    00000114     stk.aem4f : nimu.oem4f (.text:NIMUIoctl)
                  0000a370    00000114     main.obj (.text:paj7620Task)
                  0000a484    00000110     stk.aem4f : node.oem4f (.text:NodeTreeFree)
                  0000a594    00000110               : raw.oem4f (.text:RawInput)
                  0000a6a4    00000110     rtsv7M4_T_le_v4SPD16_eabi.lib : s_scalbn.c.obj (.text:scalbn)
                  0000a7b4    00000110                                   : strtoul.c.obj (.text:strtoul)
                  0000a8c4    0000010c     stk.aem4f : rtable.oem4f (.text:RtFind)
                  0000a9d0    0000010c     main.obj (.text:socketTask)
                  0000aadc    0000010a     stk.aem4f : route.oem4f (.text:RtCreate)
                  0000abe6    00000002     hal_ser_stub.aem4f : llserstb.oem4f (.text:llSerialService)
                  0000abe8    00000108     drivers_tivaware.aem4f : EMACSnow.oem4f (.text:EMACSnow_emacStart)
                  0000acf0    00000108     sysbios.aem4f : BIOS.obj (.text:ti_sysbios_family_arm_lm4_Timer_start__E)
                  0000adf8    00000106     http_ndk.aem4f : httpcli.oem4f (.text:HTTPCli_getResponseField)
                  0000aefe    00000002     rtsv7M4_T_le_v4SPD16_eabi.lib : div0.asm.obj (.text)
                  0000af00    00000104     os.aem4f : task.oem4f (.text:llEnter)
                  0000b004    00000102     nettool_ipv4.aem4f : dhcppkt.oem4f (.text:dhcpPacketProcess)
                  0000b106    00000102                        : inetaddr.oem4f (.text:inet_aton)
                  0000b208    00000100     stk.aem4f : igmp.oem4f (.text:IGMPSendReply)
                  0000b308    00000100     ti.targets.arm.rtsarm.aem4f : Core-mem.oem4f (.text:xdc_runtime_Core_createObject__I)
                  0000b408    000000fc     netctrl_min_ipv4.aem4f : netctrl.oem4f (.text:NetScheduler)
                  0000b504    000000fc     rtsv7M4_T_le_v4SPD16_eabi.lib : fd_mul_t2.asm.obj (.text)
                  0000b600    000000f8     stk.aem4f : pipe.oem4f (.text:PipeRecv)
                  0000b6f8    000000f8     ti.targets.arm.rtsarm.aem4f : Startup.oem4f (.text:xdc_runtime_Startup_startMods__I)
                  0000b7f0    000000f8     main_pem4f.oem4f (.text:xdc_runtime_System_printfExtend__I)
                  0000b8e8    000000f4     os.aem4f : task.oem4f (.text:TaskGetEnv)
                  0000b9dc    000000f4     sysbios.aem4f : m3_Hwi_asm.obj (.text:ti_sysbios_family_arm_m3_Hwi_dispatch__I)
                  0000bad0    000000f4                   : BIOS.obj (.text:ti_sysbios_knl_Task_Instance_init__E)
                  0000bbc4    000000f2     http_ndk.aem4f : httpcli.oem4f (.text:bufferedRecv)
                  0000bcb6    00000002     main_pem4f.oem4f (.text:ti_ndk_config_Global_NetworkClose)
                  0000bcb8    000000f0     stk.aem4f : lliout.oem4f (.text:LLIGenArpPacket)
                  0000bda8    000000f0               : sock.oem4f (.text:SockClose)
                  0000be98    000000ee     nettool_ipv4.aem4f : dnspkt.oem4f (.text:DNSWriteRecord)
                  0000bf86    00000002     main_pem4f.oem4f (.text:ti_ndk_config_Global_NetworkOpen)
                  0000bf88    000000ec     main.obj (.text:getTempTask)
                  0000c074    000000ec     http_ndk.aem4f : httpcli.oem4f (.text:redirect)
                  0000c160    000000ec     sysbios.aem4f : BIOS.obj (.text:ti_sysbios_knl_Task_postInit__I)
                  0000c24c    000000e8     os.aem4f : task.oem4f (.text:TaskSetEnv)
                  0000c334    000000e6     nettool_ipv4.aem4f : dnspkt.oem4f (.text:DNSWriteName)
                  0000c41a    00000002     main_pem4f.oem4f (.text:ti_sysbios_BIOS_nullFunc__I)
                  0000c41c    000000e6     http_ndk.aem4f : httpcli.oem4f (.text:HTTPCli_initSockAddr)
                  0000c502    00000002     main_pem4f.oem4f (.text:xdc_runtime_Startup_reset__I)
                  0000c504    000000e0     drivers_tivaware.aem4f : I2CTiva.oem4f (.text:I2CTiva_open)
                  0000c5e4    000000e0     stk.aem4f : tcptime.oem4f (.text:TcpTimeoutRexmt)
                  0000c6c4    000000dc               : sb.oem4f (.text:SBWrite)
                  0000c7a0    000000dc     nettool_ipv4.aem4f : dhcpsock.oem4f (.text:dhcpSocketOpen)
                  0000c87c    000000dc                        : dhcpsm.oem4f (.text:dhcpState)
                  0000c958    000000d8     stk.aem4f : node.oem4f (.text:NodeAdd)
                  0000ca30    000000d8               : tcpprot.oem4f (.text:TcpPrSetOption)
                  0000cb08    000000d6     drivers_tivaware.aem4f : I2CTiva.oem4f (.text:I2CTiva_hwiFxn)
                  0000cbde    00000002     --HOLE-- [fill = 0]
                  0000cbe0    000000d4                            : EMACSnow.oem4f (.text:EMACSnow_handleRx)
                  0000ccb4    000000d4     stk.aem4f : sockpcb.oem4f (.text:SockPcbBind)
                  0000cd88    000000d4     sysbios.aem4f : BIOS.obj (.text:ti_sysbios_heaps_HeapMem_alloc__E)
                  0000ce5c    000000d2     main.obj (.text:getLocalTime)
                  0000cf2e    00000002     --HOLE-- [fill = 0]
                  0000cf30    000000d1     stk.aem4f : nimu.oem4f (.text:NIMUReceivePacket)
                  0000d001    00000003     --HOLE-- [fill = 0]
                  0000d004    000000cc               : icmp.oem4f (.text:ICMPSendRtAdv)
                  0000d0d0    000000cc     nettool_ipv4.aem4f : dhcpbild.oem4f (.text:dhcpBuildHeader)
                  0000d19c    000000cc                        : dhcpsm.oem4f (.text:dhcpIPAdd)
                  0000d268    000000cc                        : dhcppkt.oem4f (.text:dhcpVerifyMessage)
                  0000d334    000000cc     ti.targets.arm.rtsarm.aem4f : Core-smem.oem4f (.text:xdc_runtime_Core_constructObject__I)
                  0000d400    000000c8     stk.aem4f : rawethsock.oem4f (.text:RawEthSockNew)
                  0000d4c8    000000c8     netctrl_min_ipv4.aem4f : netsrv.oem4f (.text:SPIpNet)
                  0000d590    000000c8     sysbios.aem4f : BIOS.obj (.text:ti_sysbios_knl_Task_sleep__E)
                  0000d658    000000c4     drivers_tivaware.aem4f : EMACSnow.oem4f (.text:EMACSnow_InitDMADescriptors)
                  0000d71c    000000c4     stk.aem4f : igmp.oem4f (.text:IGMPJoinHostGroup)
                  0000d7e0    000000c4     nettool_ipv4.aem4f : dhcpsm.oem4f (.text:StateBound)
                  0000d8a4    000000c4     http_ndk.aem4f : httpcli.oem4f (.text:getChunkedData)
                  0000d968    000000c2     nettool_ipv4.aem4f : dnspkt.oem4f (.text:DNSReadName)
                  0000da2a    00000002     --HOLE-- [fill = 0]
                  0000da2c    000000be                        : dnsclnt.oem4f (.text:DNSGetHostByName)
                  0000daea    000000bc     stk.aem4f : sockpcb.oem4f (.text:SockPcbFind)
                  0000dba6    00000002     --HOLE-- [fill = 0]
                  0000dba8    000000bc               : vlan.oem4f (.text:VLANDeinit)
                  0000dc64    000000bc     main.obj (.text:netIPAddrHook)
                  0000dd20    000000bc     sysbios.aem4f : BIOS.obj (.text:ti_sysbios_family_arm_m3_Hwi_excDebugMon__I)
                  0000dddc    00000004     driverlib.lib : i2c.obj (.text:I2CMasterControl)
                  0000dde0    000000bc     sysbios.aem4f : BIOS.obj (.text:ti_sysbios_family_arm_m3_Hwi_excHardFault__I)
                  0000de9c    00000004     driverlib.lib : i2c.obj (.text:I2CMasterDataGet)
                  0000dea0    000000bc     sysbios.aem4f : BIOS.obj (.text:ti_sysbios_knl_Task_exit__E)
                  0000df5c    000000b8     EK_TM4C1294XL.obj (.text:EK_TM4C1294XL_initGeneral)
                  0000e014    000000b8     stk.aem4f : icmpin.oem4f (.text:ICMPRevSrcRoute)
                  0000e0cc    000000b8               : lli.oem4f (.text:_LLITimeoutCheck)
                  0000e184    000000b4               : tcptime.oem4f (.text:TcpTimeoutKeep)
                  0000e238    000000b4     http_ndk.aem4f : httpcli.oem4f (.text:getStatus)
                  0000e2ec    00000004     driverlib.lib : i2c.obj (.text:I2CMasterDataPut)
                  0000e2f0    000000b4     sysbios.aem4f : BIOS.obj (.text:ti_sysbios_knl_Task_checkStacks__E)
                  0000e3a4    000000b1     rtsv7M4_T_le_v4SPD16_eabi.lib : _printfi.c.obj (.text:_ltostr)
                  0000e455    00000003     --HOLE-- [fill = 0]
                  0000e458    000000b1     nettool_ipv4.aem4f : inetaddr.oem4f (.text:createAddrInfo)
                  0000e509    00000001     --HOLE-- [fill = 0]
                  0000e50a    000000b0     stk.aem4f : rawethsock.oem4f (.text:RawEthSockSet)
                  0000e5ba    00000002     --HOLE-- [fill = 0]
                  0000e5bc    000000ac               : rtable.oem4f (.text:RtTimeoutCheck)
                  0000e668    000000ac     http_ndk.aem4f : httpcli.oem4f (.text:httpProxyTunnel)
                  0000e714    00000004     os.aem4f : ossys.oem4f (.text:NDK_vsprintf)
                  0000e718    000000ac     sysbios.aem4f : BIOS.obj (.text:ti_sysbios_family_arm_lm4_Timer_enableTiva__I)
                  0000e7c4    000000aa     network_ndk.aem4f : ssock.oem4f (.text:Ssock_send)
                  0000e86e    00000002     --HOLE-- [fill = 0]
                  0000e870    000000a8     stk.aem4f : sockint.oem4f (.text:SockCreatePacket)
                  0000e918    000000a4     sysbios.aem4f : BIOS.obj (.text:ti_sysbios_knl_Task_setPri__E)
                  0000e9bc    000000a0     stk.aem4f : ip.oem4f (.text:IPGetRoute)
                  0000ea5c    000000a0     auto_init.aem4f : auto_init.oem4f (.text)
                  0000eafc    000000a0     ti.targets.arm.rtsarm.aem4f : Text.oem4f (.text:xdc_runtime_Text_putMod__E)
                  0000eb9c    0000009e     stk.aem4f : nimu.oem4f (.text:NIMUAddEthernetHeader)
                  0000ec3a    0000009e     nettool_ipv4.aem4f : dhcpbild.oem4f (.text:dhcpBuildRequest)
                  0000ecd8    0000009c     stk.aem4f : exec.oem4f (.text:ExecOpen)
                  0000ed74    0000009c     main.obj (.text:getHumTask)
                  0000ee10    0000009c     rtsv7M4_T_le_v4SPD16_eabi.lib : memcpy_t2.asm.obj (.text)
                  0000eeac    0000009a     ti.targets.arm.rtsarm.aem4f : Text.oem4f (.text:xdc_runtime_Text_putSite__E)
                  0000ef46    00000002     --HOLE-- [fill = 0]
                  0000ef48    00000098     netctrl_min_ipv4.aem4f : netctrl.oem4f (.text:NC_SystemOpen)
                  0000efe0    00000098                            : netsrv.oem4f (.text:ServiceScan)
                  0000f078    00000098     Boot.aem4f : Boot.oem4f (.text:ti_catalog_arm_cortexm4_tiva_ce_Boot_sysCtlClockFreqSet__E)
                  0000f110    00000098     sysbios.aem4f : BIOS.obj (.text:ti_sysbios_knl_Task_schedule__I)
                  0000f1a8    00000096     rtsv7M4_T_le_v4SPD16_eabi.lib : ull_div_t2.asm.obj (.text)
                  0000f23e    00000002     --HOLE-- [fill = 0]
                  0000f240    00000094     nettool_ipv4.aem4f : config.oem4f (.text:CfgRemoveEntry)
                  0000f2d4    00000004     stk.aem4f : node.oem4f (.text:NodeSetRt)
                  0000f2d8    00000094     sysbios.aem4f : BIOS.obj (.text:ti_sysbios_family_arm_m3_Hwi_Instance_init__E)
                  0000f36c    00000004     stk.aem4f : rawethsock_prot.oem4f (.text:RawEthSockPrAttach)
                  0000f370    00000094     sysbios.aem4f : BIOS.obj (.text:ti_sysbios_family_arm_m3_Hwi_initNVIC__E)
                  0000f404    00000090     nettool_ipv4.aem4f : config.oem4f (.text:CfgExecute)
                  0000f494    00000090     stk.aem4f : igmp.oem4f (.text:IGMPMsg)
                  0000f524    00000090     os.aem4f : mem.oem4f (.text:mmBulkAlloc)
                  0000f5b4    00000090     http_ndk.aem4f : httpcli.oem4f (.text:readLine)
                  0000f644    00000004     stk.aem4f : rawethsock_prot.oem4f (.text:RawEthSockPrDetach)
                  0000f648    00000090     sysbios.aem4f : BIOS.obj (.text:ti_sysbios_knl_Task_Module_startup__E)
                  0000f6d8    00000090                   : BIOS.obj (.text:ti_sysbios_knl_Task_startCore__E)
                  0000f768    0000008c     nettool_ipv4.aem4f : dnscomn.oem4f (.text:DNSResolveQuery)
                  0000f7f4    0000008c     drivers_tivaware.aem4f : GPIOTiva.oem4f (.text:GPIO_init)
                  0000f880    0000008c     stk.aem4f : ip.oem4f (.text:IPMsg)
                  0000f90c    0000008c     os.aem4f : mem.oem4f (.text:_mmInit)
                  0000f998    0000008c              : mem.oem4f (.text:mmInitPage)
                  0000fa24    0000008c     sysbios.aem4f : m3_TaskSupport_asm.obj (.text:ti_sysbios_family_arm_m3_TaskSupport_buildTaskStack)
                  0000fab0    0000008c                   : BIOS.obj (.text:ti_sysbios_knl_Event_post__E)
                  0000fb3c    0000008a     netctrl_min_ipv4.aem4f : netsrv.oem4f (.text:SPRoute)
                  0000fbc6    00000002     --HOLE-- [fill = 0]
                  0000fbc8    00000088                            : netsrv.oem4f (.text:ServiceSpawn)
                  0000fc50    00000088     stk.aem4f : sockpcb.oem4f (.text:SockPcbCtlError)
                  0000fcd8    00000087     main_pem4f.oem4f (.text:ti_ndk_config_Global_NetworkIPAddr)
                  0000fd5f    00000001     --HOLE-- [fill = 0]
                  0000fd60    00000086     stk.aem4f : sock.oem4f (.text:SockCheck)
                  0000fde6    00000086     nettool_ipv4.aem4f : dhcpsm.oem4f (.text:StateRequesting)
                  0000fe6c    00000086     rtsv7M4_T_le_v4SPD16_eabi.lib : fd_cmp_t2.asm.obj (.text:__aeabi_cdcmple)
                  0000fef2    00000086                                   : fd_cmp_t2.asm.obj (.text:__aeabi_cdrcmple)
                  0000ff78    00000084     nettool_ipv4.aem4f : config.oem4f (.text:CfgGetEntry)
                  0000fffc    00000084     drivers_tivaware.aem4f : EMACSnow.oem4f (.text:EMACSnow_processPhyInterrupt)
                  00010080    00000084     stk.aem4f : tcpprot.oem4f (.text:TcpPrAttach)
                  00010104    00000084     os.aem4f : mem.oem4f (.text:mmBulkFree)
                  00010188    00000084              : mem.oem4f (.text:mmFree)
                  0001020c    00000004              : semaphore.oem4f (.text:SemPend)
                  00010210    00000084     sysbios.aem4f : BIOS.obj (.text:ti_sysbios_family_arm_m3_Hwi_postInit__I)
                  00010294    00000082     nettool_ipv4.aem4f : dhcpsm.oem4f (.text:StateRenewRebind)
                  00010316    00000002     --HOLE-- [fill = 0]
                  00010318    00000080     drivers_tivaware.aem4f : EMACSnow.oem4f (.text:EMACSnow_emacStop)
                  00010398    00000080                            : EMACSnow.oem4f (.text:EMACSnow_processPendingTx)
                  00010418    00000080     stk.aem4f : lli.oem4f (.text:LLINew)
                  00010498    00000080     netctrl_min_ipv4.aem4f : netsrv.oem4f (.text:NS_BootTask)
                  00010518    00000080     stk.aem4f : pbm.oem4f (.text:PBM_alloc)
                  00010598    00000080               : raw.oem4f (.text:RawOutput)
                  00010618    00000080     main.obj (.text:parseString)
                  00010698    0000007e     drivers_tivaware.aem4f : I2CTiva.oem4f (.text:I2CTiva_transfer)
                  00010716    0000007e     stk.aem4f : fileuser.oem4f (.text:fdClose)
                  00010794    0000007c     nettool_ipv4.aem4f : config.oem4f (.text:CfgGetNextEntry)
                  00010810    0000007c     drivers_tivaware.aem4f : EMACSnow.oem4f (.text:EMACSnow_hwiIntFxn)
                  0001088c    0000007c     stk.aem4f : igmp.oem4f (.text:IGMPDoMCast)
                  00010908    0000007c               : igmp.oem4f (.text:IGMPJoin)
                  00010984    0000007c               : socket.oem4f (.text:NDK_setsockopt)
                  00010a00    0000007c               : nimu.oem4f (.text:NIMURegister)
                  00010a7c    0000007c               : pbm.oem4f (.text:PBM_free)
                  00010af8    0000007c     nettool_ipv4.aem4f : inetaddr.oem4f (.text:inet_pton)
                  00010b74    00000004     os.aem4f : semaphore.oem4f (.text:SemPost)
                  00010b78    0000007c     sysbios.aem4f : BIOS.obj (.text:ti_sysbios_heaps_HeapMem_free__E)
                  00010bf4    0000007a     rtsv7M4_T_le_v4SPD16_eabi.lib : memset_t2.asm.obj (.text)
                  00010c6e    00000002     --HOLE-- [fill = 0]
                  00010c70    00000078     driverlib.lib : emac.obj (.text:EMACInit)
                  00010ce8    00000078     stk.aem4f : socket.oem4f (.text:NDK_sendto)
                  00010d60    00000078               : tcptime.oem4f (.text:TcpXmitTimer)
                  00010dd8    00000078               : fileuser.oem4f (.text:fdOpenSession)
                  00010e50    00000078     os.aem4f : task.oem4f (.text:llExit)
                  00010ec8    00000077     paj7620.obj (.text:paj7620WriteReg)
                  00010f3f    00000001     --HOLE-- [fill = 0]
                  00010f40    00000076     stk.aem4f : pipe.oem4f (.text:PipeSend)
                  00010fb6    00000002     --HOLE-- [fill = 0]
                  00010fb8    00000075               : tcptime.oem4f (.text:TcpTimeoutSackRexmt)
                  0001102d    00000003     --HOLE-- [fill = 0]
                  00011030    00000074               : igmp.oem4f (.text:IGMPLeaveHostGroup)
                  000110a4    00000074               : nimu.oem4f (.text:NIMUShutdown)
                  00011118    00000074               : raweth.oem4f (.text:RawEthRxPacket)
                  0001118c    00000074               : sockpcb.oem4f (.text:SockPcbConnect)
                  00011200    00000074     nettool_ipv4.aem4f : inetaddr.oem4f (.text:setAddrInfo)
                  00011274    00000072     os.aem4f : semaphore.oem4f (.text:SemCreateBinary)
                  000112e6    00000002     --HOLE-- [fill = 0]
                  000112e8    00000070     http_ndk.aem4f : httpcli.oem4f (.text:HTTPCli_sendRequest)
                  00011358    00000070     stk.aem4f : socket.oem4f (.text:NDK_send)
                  000113c8    00000070               : rtable.oem4f (.text:RtFlush)
                  00011438    00000070     netctrl_min_ipv4.aem4f : netsrv.oem4f (.text:SPConfig)
                  000114a8    00000070     stk.aem4f : sock.oem4f (.text:SockShutdown)
                  00011518    00000070     nettool_ipv4.aem4f : dhcptags.oem4f (.text:dhcpDecodeType)
                  00011588    00000070     sysbios.aem4f : BIOS.obj (.text:ti_sysbios_knl_Clock_workFunc__E)
                  000115f8    0000006e     stk.aem4f : socket.oem4f (.text:NDK_recv)
                  00011666    00000002     --HOLE-- [fill = 0]
                  00011668    0000006e               : rtable.oem4f (.text:RtWalkNext)
                  000116d6    0000006e               : sockpcb.oem4f (.text:SockPcbFindRaw)
                  00011744    0000006e     rtsv7M4_T_le_v4SPD16_eabi.lib : _printfi.c.obj (.text:_mcpy)
                  000117b2    0000006e                                   : fd_tos_t2.asm.obj (.text)
                  00011820    0000006e                                   : ll_div_t2.asm.obj (.text)
                  0001188e    00000002     --HOLE-- [fill = 0]
                  00011890    0000006d     stk.aem4f : node.oem4f (.text:NodeNew)
                  000118fd    00000003     --HOLE-- [fill = 0]
                  00011900    0000006d     ti.targets.arm.rtsarm.aem4f : System.oem4f (.text:xdc_runtime_System_formatNum__I)
                  0001196d    00000003     --HOLE-- [fill = 0]
                  00011970    0000006c     os.aem4f : ossys.oem4f (.text:DbgPrintf)
                  000119dc    0000006c     stk.aem4f : node.oem4f (.text:NodeTreeNew)
                  00011a48    0000006c               : raweth.oem4f (.text:RawEthTxPacket)
                  00011ab4    0000006c               : udp.oem4f (.text:UdpChecksum)
                  00011b20    0000006c     rtsv7M4_T_le_v4SPD16_eabi.lib : asctime.c.obj (.text:asctime)
                  00011b8c    0000006c     http_ndk.aem4f : httpcli.oem4f (.text:checkContentField)
                  00011bf8    0000006c     main_pem4f.oem4f (.text:ti_ndk_config_ip_init)
                  00011c64    00000004     os.aem4f : semaphore.oem4f (.text:SemReset)
                  00011c68    0000006c     sysbios.aem4f : BIOS.obj (.text:ti_sysbios_knl_Swi_restoreHwi__E)
                  00011cd4    0000006c     ti.targets.arm.rtsarm.aem4f : Error.oem4f (.text:xdc_runtime_Error_print__E)
                  00011d40    0000006c                                 : Memory.oem4f (.text:xdc_runtime_Memory_alloc__E)
                  00011dac    0000006a     stk.aem4f : tcpprot.oem4f (.text:TcpPrInherit)
                  00011e16    00000002     --HOLE-- [fill = 0]
                  00011e18    00000068     EK_TM4C1294XL.obj (.text:EK_TM4C1294XL_initI2C)
                  00011e80    00000068     stk.aem4f : socket.oem4f (.text:NDK_socket)
                  00011ee8    00000068               : pbm.oem4f (.text:PBM_open)
                  00011f50    00000068               : rtable.oem4f (.text:_RtNodeInsert)
                  00011fb8    00000068     rtsv7M4_T_le_v4SPD16_eabi.lib : copy_decompress_lzss.c.obj (.text:decompress:lzss:__TI_decompress_lzss)
                  00012020    00000068     sntp_ndk.aem4f : sntp.oem4f (.text:socketSetup)
                  00012088    00000066     ti.targets.arm.rtsarm.aem4f : Core-mem.oem4f (.text:xdc_runtime_Core_deleteObject__I)
                  000120ee    00000002     --HOLE-- [fill = 0]
                  000120f0    00000064     nettool_ipv4.aem4f : config.oem4f (.text:CfgFree)
                  00012154    00000064     drivers_tivaware.aem4f : GPIOTiva.oem4f (.text:GPIO_hwiIntFxn)
                  000121b8    00000064     stk.aem4f : pbm.oem4f (.text:PBMQ_enq)
                  0001221c    00000064               : sockint.oem4f (.text:SockSpawnAbort)
                  00012280    00000064     rtsv7M4_T_le_v4SPD16_eabi.lib : s_frexp.c.obj (.text:frexp)
                  000122e4    00000064     hal_timer_bios.aem4f : lltimer.oem4f (.text:llTimerTick)
                  00012348    00000064     sysbios.aem4f : BIOS.obj (.text:ti_sysbios_family_arm_lm4_Timer_Module_startup__E)
                  000123ac    00000064     main_pem4f.oem4f (.text:ti_sysbios_family_arm_m3_Hwi_create)
                  00012410    00000064     sysbios.aem4f : BIOS.obj (.text:ti_sysbios_family_arm_m3_Hwi_dispatchC__I)
                  00012474    00000004     network_ndk.aem4f : ssock.oem4f (.text:Ssock_getSocket)
                  00012478    00000064     sysbios.aem4f : BIOS.obj (.text:ti_sysbios_knl_Semaphore_post__E)
                  000124dc    00000064     stk.aem4f : lliin.oem4f (.text:updateRtTable)
                  00012540    00000062     drivers_tivaware.aem4f : I2CTiva.oem4f (.text:I2CTiva_primeTransfer)
                  000125a2    00000062     stk.aem4f : ipin.oem4f (.text:IPRouteIP)
                  00012604    00000062               : sb.oem4f (.text:SBNew)
                  00012666    00000002     --HOLE-- [fill = 0]
                  00012668    00000060     nettool_ipv4.aem4f : config.oem4f (.text:CfgGetEntryCnt)
                  000126c8    00000060     stk.aem4f : file.oem4f (.text:FdWaitEvent)
                  00012728    00000060               : nimu.oem4f (.text:NIMUUnregister)
                  00012788    00000060               : node.oem4f (.text:NodeFind)
                  000127e8    00000060               : rtc.oem4f (.text:RTCMsg)
                  00012848    00000060               : tcp.oem4f (.text:TcpChecksum)
                  000128a8    00000060     nettool_ipv4.aem4f : dhcptags.oem4f (.text:dhcpBuildOptions)
                  00012908    00000060     main_pem4f.oem4f (.text:ti_ndk_config_Global_serviceReport)
                  00012968    0000005e     stk.aem4f : route.oem4f (.text:RtRemove)
                  000129c6    0000005e     nettool_ipv4.aem4f : dhcpsm.oem4f (.text:StateSelecting)
                  00012a24    0000005e     stk.aem4f : vlan.oem4f (.text:VLANReceivePacket)
                  00012a82    00000002     --HOLE-- [fill = 0]
                  00012a84    0000005c     nettool_ipv4.aem4f : config.oem4f (.text:CfgSetExecuteOrder)
                  00012ae0    0000005c     stk.aem4f : nimu.oem4f (.text:NIMUIoctlSpecialCmd)
                  00012b3c    0000005c     netctrl_min_ipv4.aem4f : netsrv.oem4f (.text:SPService)
                  00012b98    0000005c     paj7620.obj (.text:paj7620ReadReg)
                  00012bf4    0000005c     main_pem4f.oem4f (.text:ti_sysbios_knl_Swi_create)
                  00012c50    0000005c     sysbios.aem4f : BIOS.obj (.text:ti_sysbios_knl_Swi_run__I)
                  00012cac    00000004     os.aem4f : task.oem4f (.text:TaskSelf)
                  00012cb0    0000005c     sysbios.aem4f : BIOS.obj (.text:ti_sysbios_knl_Swi_schedule__I)
                  00012d0c    0000005c     main_pem4f.oem4f (.text:ti_sysbios_knl_Task_create)
                  00012d68    0000005c     sysbios.aem4f : BIOS.obj (.text:ti_sysbios_knl_Task_unblockI__E)
                  00012dc4    0000005b     ti.targets.arm.rtsarm.aem4f : Text.oem4f (.text:xdc_runtime_Text_putLab__E)
                  00012e1f    00000001     --HOLE-- [fill = 0]
                  00012e20    0000005a     stk.aem4f : rawethsock.oem4f (.text:RawEthSockCheck)
                  00012e7a    0000005a               : route.oem4f (.text:RtRedirect)
                  00012ed4    0000005a               : tcpprot.oem4f (.text:TcpValidateMetrics)
                  00012f2e    0000005a     nettool_ipv4.aem4f : dhcpbild.oem4f (.text:dhcpBuildDecline)
                  00012f88    0000005a     os.aem4f : mem.oem4f (.text:mmCopy)
                  00012fe2    0000005a     main_pem4f.oem4f (.text:ti_ndk_config_tcp_init)
                  0001303c    00000058     stk.aem4f : bind.oem4f (.text:BindFree)
                  00013094    00000058     boot.aem4f : boot.oem4f (.text)
                  000130ec    00000058     driverlib.lib : emac.obj (.text:EMACPHYConfigSet)
                  00013144    00000058     rtsv7M4_T_le_v4SPD16_eabi.lib : hostwrite.c.obj (.text:HOSTwrite)
                  0001319c    00000058     stk.aem4f : igmp.oem4f (.text:IGMPTimer)
                  000131f4    00000058     os.aem4f : semaphore.oem4f (.text:SemCreate)
                  0001324c    00000058     paj7620.obj (.text:paj7620SelectBank)
                  000132a4    00000058     main_pem4f.oem4f (.text:ti_sysbios_family_arm_m3_Hwi_construct)
                  000132fc    00000058     sysbios.aem4f : m3_Hwi_asm_switch.obj (.text:ti_sysbios_family_arm_m3_Hwi_initStacks__E)
                  00013354    00000056     driverlib.lib : gpio.obj (.text:GPIOIntTypeSet)
                  000133aa    00000056     rtsv7M4_T_le_v4SPD16_eabi.lib : _printfi.c.obj (.text:_pconv_f)
                  00013400    00000056     http_ndk.aem4f : httpcli.oem4f (.text:sprsend)
                  00013456    00000002     --HOLE-- [fill = 0]
                  00013458    00000054     nettool_ipv4.aem4f : config.oem4f (.text:CfgEntryDeRef)
                  000134ac    00000054     http_ndk.aem4f : httpcli.oem4f (.text:HTTPCli_sendField)
                  00013500    00000054     stk.aem4f : igmp.oem4f (.text:IGMPLeave)
                  00013554    00000054               : rawethsock_pcb.oem4f (.text:RawEthSockPcbAttach)
                  000135a8    00000054     sntp_ndk.aem4f : sntp.oem4f (.text:SNTP_setServers)
                  000135fc    00000054     stk.aem4f : sockpcb.oem4f (.text:SockCleanPcb)
                  00013650    00000054               : tcptime.oem4f (.text:TcpTimeoutPersist)
                  000136a4    00000054     rtsv7M4_T_le_v4SPD16_eabi.lib : _ltoa.c.obj (.text:__TI_ltoa)
                  000136f8    00000054     http_ndk.aem4f : httpcli.oem4f (.text:asyncThread)
                  0001374c    00000004     os.aem4f : task.oem4f (.text:TaskSetPri)
                  00013750    00000054     sysbios.aem4f : BIOS.obj (.text:ti_sysbios_family_arm_lm4_Timer_initDevice__I)
                  000137a4    00000004     hal_ser_stub.aem4f : llserstb.oem4f (.text:_llSerialInit)
                  000137a8    00000054     sysbios.aem4f : BIOS.obj (.text:ti_sysbios_knl_Swi_Instance_init__E)
                  000137fc    00000054     ti.targets.arm.rtsarm.aem4f : Assert.oem4f (.text:xdc_runtime_Assert_raise__I)
                  00013850    00000052     nettool_ipv4.aem4f : dnscomn.oem4f (.text:DNSReplyFree)
                  000138a2    00000052     stk.aem4f : tcpprot.oem4f (.text:TcpPrDetach)
                  000138f4    00000052     rtsv7M4_T_le_v4SPD16_eabi.lib : _printfi.c.obj (.text:_ecpy)
                  00013946    00000002     --HOLE-- [fill = 0]
                  00013948    00000050     drivers_tivaware.aem4f : GPIOTiva.oem4f (.text:GPIO_setCallback)
                  00013998    00000050                            : GPIOTiva.oem4f (.text:GPIO_write)
                  000139e8    00000050     stk.aem4f : socket.oem4f (.text:NDK_bind)
                  00013a38    00000050               : socket.oem4f (.text:NDK_connect)
                  00013a88    00000050               : route.oem4f (.text:RtNew)
                  00013ad8    00000050     driverlib.lib : sysctl.obj (.text:SysCtlPeripheralReset)
                  00013b28    00000050     Boot.aem4f : Boot_sysctl.oem4f (.text:_SysCtlFrequencyGet)
                  00013b78    00000050     sysbios.aem4f : BIOS.obj (.text:ti_sysbios_family_arm_m3_Hwi_Module_startup__E)
                  00013bc8    00000050                   : BIOS.obj (.text:ti_sysbios_knl_Clock_Instance_init__E)
                  00013c18    00000050     ti.targets.arm.rtsarm.aem4f : Startup.oem4f (.text:xdc_runtime_Startup_exec__E)
                  00013c68    00000050                                 : Text.oem4f (.text:xdc_runtime_Text_visitRope2__I)
                  00013cb8    0000004e     stk.aem4f : node.oem4f (.text:NodeDeRef)
                  00013d06    0000004e     nettool_ipv4.aem4f : config.oem4f (.text:_CfgEntryScan)
                  00013d54    0000004d     sntp_ndk.aem4f : sntp.oem4f (.text:hasKissCode)
                  00013da1    00000003     --HOLE-- [fill = 0]
                  00013da4    0000004c     nettool_ipv4.aem4f : ipaddr.oem4f (.text:NtAddNetwork)
                  00013df0    0000004c     stk.aem4f : sockint.oem4f (.text:SockValidateRoute)
                  00013e3c    0000004c     rtsv7M4_T_le_v4SPD16_eabi.lib : atoi.c.obj (.text:atoi)
                  00013e88    0000004c                                   : cpy_tbl.c.obj (.text:copy_in)
                  00013ed4    0000004c                                   : snprintf.c.obj (.text:snprintf)
                  00013f20    0000004c     sysbios.aem4f : BIOS.obj (.text:ti_sysbios_heaps_HeapMem_getStats__E)
                  00013f6c    00000004     rtsv7M4_T_le_v4SPD16_eabi.lib : exit.c.obj (.text:abort:abort)
                  00013f70    0000004c     sysbios.aem4f : BIOS.obj (.text:ti_sysbios_knl_Swi_runLoop__I)
                  00013fbc    00000004     stk.aem4f : listlib.oem4f (.text:list_get_head)
                  00013fc0    0000004c     sysbios.aem4f : BIOS.obj (.text:ti_sysbios_knl_Task_allBlockedFunction__I)
                  0001400c    0000004a     netctrl_min_ipv4.aem4f : netsrv.oem4f (.text:ServiceKill)
                  00014056    0000004a     stk.aem4f : sock.oem4f (.text:SockDisconnect)
                  000140a0    0000004a               : timer.oem4f (.text:TimerNew)
                  000140ea    00000002     --HOLE-- [fill = 0]
                  000140ec    0000004a     main.obj (.text:main)
                  00014136    00000048     nettool_ipv4.aem4f : config.oem4f (.text:CfgNew)
                  0001417e    00000002     --HOLE-- [fill = 0]
                  00014180    00000048     driverlib.lib : gpio.obj (.text:GPIOPinConfigure)
                  000141c8    00000048                   : i2c.obj (.text:I2CMasterInitExpClk)
                  00014210    00000048     stk.aem4f : lli.oem4f (.text:LLIMsg)
                  00014258    00000048               : node.oem4f (.text:NodeWalk)
                  000142a0    00000048               : rawethsock_pcb.oem4f (.text:RawEthSockPcbDetach)
                  000142e8    00000048               : sockpcb.oem4f (.text:SockPcbResolveChain)
                  00014330    00000048               : tcpprot.oem4f (.text:TcpDrop)
                  00014378    00000048               : lli.oem4f (.text:_LLIExpListInsert)
                  000143c0    00000048               : rtable.oem4f (.text:_RtExpListInsert)
                  00014408    00000048               : file.oem4f (.text:fdint_lockfd)
                  00014450    00000048     rtsv7M4_T_le_v4SPD16_eabi.lib : fd_toi_t2.asm.obj (.text)
                  00014498    00000048     sysbios.aem4f : BIOS.obj (.text:ti_sysbios_family_arm_lm4_Timer_enableTimers__I)
                  000144e0    00000048                   : BIOS.obj (.text:ti_sysbios_family_arm_m3_Hwi_disableInterrupt__E)
                  00014528    00000048                   : BIOS.obj (.text:ti_sysbios_family_arm_m3_Hwi_enableInterrupt__E)
                  00014570    00000048                   : BIOS.obj (.text:ti_sysbios_family_arm_m3_Hwi_excReserved__I)
                  000145b8    00000048                   : BIOS.obj (.text:ti_sysbios_knl_Task_deleteTerminatedTasksFunc__I)
                  00014600    00000046     nettool_ipv4.aem4f : ipaddr.oem4f (.text:NtIfIdx2Ip)
                  00014646    00000046     stk.aem4f : rawethsock.oem4f (.text:RawEthSockSend)
                  0001468c    00000046               : tcpprot.oem4f (.text:TcpPrCtlError)
                  000146d2    00000046     os.aem4f : mem.oem4f (.text:mmZeroInit)
                  00014718    00000046     ti.targets.arm.rtsarm.aem4f : Core-params.oem4f (.text:xdc_runtime_Core_assignParams__I)
                  0001475e    00000002     --HOLE-- [fill = 0]
                  00014760    00000044     drivers_tivaware.aem4f : EMACSnow.oem4f (.text:EMACSnow_processTransmitted)
                  000147a4    00000044     stk.aem4f : icmp.oem4f (.text:ICMPChecksum)
                  000147e8    00000044               : ipfrag.oem4f (.text:IPReasmFree)
                  0001482c    00000044               : lli.oem4f (.text:LLIGetValidTime)
                  00014870    00000044               : rtable.oem4f (.text:RouteMsg)
                  000148b4    00000044               : rtable.oem4f (.text:RtWalkEnd)
                  000148f8    00000044               : sockpcb.oem4f (.text:SockPcbDetach)
                  0001493c    00000044               : timer.oem4f (.text:TimerListInsert)
                  00014980    00000044     hal_timer_bios.aem4f : lltimer.oem4f (.text:llTimerGetTime)
                  000149c4    00000004     stk.aem4f : listlib.oem4f (.text:list_get_next)
                  000149c8    00000044     sysbios.aem4f : BIOS.obj (.text:ti_sysbios_family_arm_lm4_Timer_isrStub__E)
                  00014a0c    00000004     http_ndk.aem4f : httpcli.oem4f (.text:threadExit)
                  00014a10    00000044     sysbios.aem4f : BIOS.obj (.text:ti_sysbios_family_arm_m3_Hwi_getStackInfo__E)
                  00014a54    00000004     main_pem4f.oem4f (.text:ti_sysbios_BIOS_RtsGateProxy_enter__E)
                  00014a58    00000044     sysbios.aem4f : BIOS.obj (.text:ti_sysbios_knl_Swi_post__E)
                  00014a9c    00000044     ti.targets.arm.rtsarm.aem4f : Error.oem4f (.text:xdc_runtime_Error_setX__E)
                  00014ae0    00000044                                 : SysMin.oem4f (.text:xdc_runtime_SysMin_flush__E)
                  00014b24    00000044                                 : Text.oem4f (.text:xdc_runtime_Text_xprintf__I)
                  00014b68    00000042     stk.aem4f : tcpprot.oem4f (.text:TcpPrSendOOB)
                  00014baa    00000042               : fileuser.oem4f (.text:fdCloseSession)
                  00014bec    00000040     nettool_ipv4.aem4f : dnspkt.oem4f (.text:DNSBuildRequest)
                  00014c2c    00000040     http_ndk.aem4f : httpcli.oem4f (.text:HTTPCli_readResponseBody)
                  00014c6c    00000040     stk.aem4f : lliin.oem4f (.text:LLIValidateRoute)
                  00014cac    00000040               : pbm.oem4f (.text:PBM_copy)
                  00014cec    00000040               : sockpcb.oem4f (.text:SockPcbRtChange)
                  00014d2c    00000040               : tcpprot.oem4f (.text:TcpPrSend)
                  00014d6c    00000040     sntp_ndk.aem4f : sntp.oem4f (.text:changeServer)
                  00014dac    00000040     rtsv7M4_T_le_v4SPD16_eabi.lib : u_divt2.asm.obj (.text)
                  00014dec    00000040                                   : sprintf.c.obj (.text:sprintf)
                  00014e2c    00000040                                   : strtok.c.obj (.text:strtok)
                  00014e6c    00000040     http_ndk.aem4f : httpcli.oem4f (.text:threadCreate)
                  00014eac    00000004     main_pem4f.oem4f (.text:ti_sysbios_BIOS_RtsGateProxy_leave__E)
                  00014eb0    00000040     sysbios.aem4f : BIOS.obj (.text:ti_sysbios_family_arm_lm4_Timer_startup__E)
                  00014ef0    00000040                   : BIOS.obj (.text:ti_sysbios_heaps_HeapMem_Instance_init__E)
                  00014f30    0000003e     nettool_ipv4.aem4f : dhcpmain.oem4f (.text:DHCPClose)
                  00014f6e    00000002     --HOLE-- [fill = 0]
                  00014f70    0000003e     stk.aem4f : nimu.oem4f (.text:NIMUAllocateName)
                  00014fae    0000003e     os.aem4f : task.oem4f (.text:TaskCreate)
                  00014fec    0000003e     stk.aem4f : tcpprot.oem4f (.text:TcpPrDisconnect)
                  0001502a    0000003e     rtsv7M4_T_le_v4SPD16_eabi.lib : _printfi.c.obj (.text:_fcpy)
                  00015068    0000003e     stk.aem4f : file.oem4f (.text:fdint_unlockfd)
                  000150a6    0000003c     nettool_ipv4.aem4f : config.oem4f (.text:CfgEntryGetData)
                  000150e2    0000003c     driverlib.lib : emac.obj (.text:EMACIntDisable)
                  0001511e    0000003c     stk.aem4f : node.oem4f (.text:NodeUpdatePL)
                  0001515a    00000002     --HOLE-- [fill = 0]
                  0001515c    0000003c               : rtable.oem4f (.text:RtWalkBegin)
                  00015198    0000003c               : tcpprot.oem4f (.text:TcpPrConnect)
                  000151d4    0000003c               : tcptime.oem4f (.text:TcpSetPersist)
                  00015210    0000003c               : rtc.oem4f (.text:_RTCSendRtAdv)
                  0001524c    0000003c               : rtable.oem4f (.text:_RtNodeRemove)
                  00015288    0000003c     hal_timer_bios.aem4f : lltimer.oem4f (.text:_llTimerInit)
                  000152c4    0000003c     rtsv7M4_T_le_v4SPD16_eabi.lib : strncasecmp.c.obj (.text:strncasecmp)
                  00015300    0000003c     sysbios.aem4f : BIOS.obj (.text:ti_sysbios_family_arm_lm4_Seconds_set__E)
                  0001533c    00000004                   : BIOS.obj (.text:ti_sysbios_family_arm_lm4_Timer_masterEnable__I)
                  00015340    0000003c                   : BIOS.obj (.text:ti_sysbios_family_arm_m3_Hwi_excSvCall__I)
                  0001537c    00000004     main_pem4f.oem4f (.text:ti_sysbios_family_arm_m3_Hwi_delete)
                  00015380    0000003c     sysbios.aem4f : BIOS.obj (.text:ti_sysbios_heaps_HeapMem_init__I)
                  000153bc    00000004     main_pem4f.oem4f (.text:ti_sysbios_family_arm_m3_Hwi_destruct)
                  000153c0    0000003c     sysbios.aem4f : BIOS.obj (.text:ti_sysbios_knl_Swi_restore__E)
                  000153fc    0000003a     driverlib.lib : emac.obj (.text:EMACIntEnable)
                  00015436    0000003a     drivers_tivaware.aem4f : I2CTiva.oem4f (.text:I2CTiva_completeTransfer)
                  00015470    00000038     driverlib.lib : emac.obj (.text:EMACConfigGet)
                  000154a8    00000038     drivers_tivaware.aem4f : I2C.oem4f (.text:I2C_init)
                  000154e0    00000038     stk.aem4f : ipfrag.oem4f (.text:IPReasmTimeout)
                  00015518    00000038               : node.oem4f (.text:NodeGetRt)
                  00015550    00000038     driverlib.lib : sysctl.obj (.text:SysCtlPeripheralReady)
                  00015588    00000038     stk.aem4f : tcpprot.oem4f (.text:TcpClose)
                  000155c0    00000038               : timer.oem4f (.text:TimerHSTick)
                  000155f8    00000038     rtsv7M4_T_le_v4SPD16_eabi.lib : trgmsg.c.obj (.text:__TI_writemsg)
                  00015630    00000038     nettool_ipv4.aem4f : dhcpbild.oem4f (.text:dhcpBuildDiscover)
                  00015668    00000038                        : dhcptags.oem4f (.text:dhcpOptionsClear)
                  000156a0    00000038     stk.aem4f : file.oem4f (.text:fdint_waitevent)
                  000156d8    00000038     rtsv7M4_T_le_v4SPD16_eabi.lib : fs_tod_t2.asm.obj (.text)
                  00015710    00000038     sysbios.aem4f : BIOS.obj (.text:ti_sysbios_family_arm_m3_Hwi_excNoIsr__I)
                  00015748    00000038     main_pem4f.oem4f (.text:ti_sysbios_knl_Clock_create)
                  00015780    00000038     sysbios.aem4f : BIOS.obj (.text:ti_sysbios_knl_Task_processVitalTaskFlag__I)
                  000157b8    00000038     ti.targets.arm.rtsarm.aem4f : SysMin.oem4f (.text:xdc_runtime_SysMin_putch__E)
                  000157f0    00000038                                 : System.oem4f (.text:xdc_runtime_System_atexit__E)
                  00015828    00000036     drivers_tivaware.aem4f : I2CTiva.oem4f (.text:I2CTiva_close)
                  0001585e    00000036     stk.aem4f : ip.oem4f (.text:IPChecksum)
                  00015894    00000036     network_ndk.aem4f : ssock.oem4f (.text:Ssock_recv)
                  000158ca    00000036     rtsv7M4_T_le_v4SPD16_eabi.lib : strncpy.c.obj (.text:strncpy)
                  00015900    00000035     main.obj (.text:printError)
                  00015935    00000003     --HOLE-- [fill = 0]
                  00015938    00000034     nettool_ipv4.aem4f : config.oem4f (.text:CfgSetService)
                  0001596c    00000034     driverlib.lib : emac.obj (.text:EMACConfigSet)
                  000159a0    00000034                   : emac.obj (.text:EMACIntClear)
                  000159d4    00000034     drivers_tivaware.aem4f : EMACSnow.oem4f (.text:EMACSnow_emacPoll)
                  00015a08    00000034                            : EMACSnow.oem4f (.text:EMACSnow_isLinkUp)
                  00015a3c    00000034                            : EMAC.oem4f (.text:EMAC_init)
                  00015a70    00000034     stk.aem4f : exec.oem4f (.text:ExecClose)
                  00015aa4    00000034               : nimu.oem4f (.text:NIMUFindByName)
                  00015ad8    00000034               : nimu.oem4f (.text:NIMUInit)
                  00015b0c    00000034               : rawethsock.oem4f (.text:RawEthSockNotify)
                  00015b40    00000034               : sockprot.oem4f (.text:SockPrCtlError)
                  00015b74    00000034     driverlib.lib : sysctl.obj (.text:SysCtlPeripheralEnable)
                  00015ba8    00000034     rtsv7M4_T_le_v4SPD16_eabi.lib : trgmsg.c.obj (.text:__TI_readmsg)
                  00015bdc    00000034     os.aem4f : mem.oem4f (.text:mmUnInitPage)
                  00015c10    00000034              : ossys.oem4f (.text:stricmp)
                  00015c44    00000034     rtsv7M4_T_le_v4SPD16_eabi.lib : strstr.c.obj (.text:strstr)
                  00015c78    00000034     sysbios.aem4f : BIOS.obj (.text:ti_sysbios_family_arm_m3_Hwi_Instance_finalize__E)
                  00015cac    00000004     main_pem4f.oem4f (.text:ti_sysbios_family_arm_m3_TaskSupport_Module__startupDone__S)
                  00015cb0    00000034     sysbios.aem4f : BIOS.obj (.text:ti_sysbios_family_arm_m3_Hwi_excNmi__I)
                  00015ce4    00000004     main_pem4f.oem4f (.text:ti_sysbios_heaps_HeapMem_Module_GateProxy_enter__E)
                  00015ce8    00000034     sysbios.aem4f : BIOS.obj (.text:ti_sysbios_hal_Hwi_checkStack)
                  00015d1c    00000034     main_pem4f.oem4f (.text:ti_sysbios_knl_Semaphore_create)
                  00015d50    00000034     ti.targets.arm.rtsarm.aem4f : Core-label.oem4f (.text:xdc_runtime_Core_assignLabel__I)
                  00015d84    00000033                                 : Text.oem4f (.text:xdc_runtime_Text_printVisFxn__I)
                  00015db7    00000001     --HOLE-- [fill = 0]
                  00015db8    00000032     nettool_ipv4.aem4f : config.oem4f (.text:CfgGetImmediate)
                  00015dea    00000032     stk.aem4f : pipe.oem4f (.text:PipeCheck)
                  00015e1c    00000032               : route.oem4f (.text:RtDeRef)
                  00015e4e    00000032               : route.oem4f (.text:RtSetFailure)
                  00015e80    00000032               : sb.oem4f (.text:SBFlush)
                  00015eb2    00000032               : sb.oem4f (.text:SBSetMax)
                  00015ee4    00000032               : sock.oem4f (.text:SockIntAbort)
                  00015f16    00000032     nettool_ipv4.aem4f : config.oem4f (.text:_CfgAcquire)
                  00015f48    00000032                        : dhcpsm.oem4f (.text:dhcpIPRemove)
                  00015f7a    00000006     driverlib.lib : emac.obj (.text:EMACTxDMADescriptorListSet)
                  00015f80    00000032     sysbios.aem4f : BIOS.obj (.text:ti_sysbios_hal_Hwi_initStack)
                  00015fb2    00000006     driverlib.lib : gpio.obj (.text:GPIOIntClear)
                  00015fb8    00000032     sysbios.aem4f : BIOS.obj (.text:ti_sysbios_knl_Event_pendTimeout__I)
                  00015fea    00000006     driverlib.lib : gpio.obj (.text:GPIOPinWrite)
                  00015ff0    00000032     sysbios.aem4f : BIOS.obj (.text:ti_sysbios_knl_Semaphore_pendTimeout__I)
                  00016022    00000030     driverlib.lib : emac.obj (.text:EMACAddrSet)
                  00016052    00000002     --HOLE-- [fill = 0]
                  00016054    00000030     drivers_tivaware.aem4f : EMACSnow.oem4f (.text:EMACSnow_handlePackets)
                  00016084    00000030                            : I2C.oem4f (.text:I2C_open)
                  000160b4    00000030     netctrl_min_ipv4.aem4f : netsrv.oem4f (.text:NS_PreBoot)
                  000160e4    00000030     stk.aem4f : sock.oem4f (.text:SockBind)
                  00016114    00000030     rtsv7M4_T_le_v4SPD16_eabi.lib : snprintf.c.obj (.text:_outs)
                  00016144    00000030     nettool_ipv4.aem4f : dhcpsock.oem4f (.text:dhcpPacketSend)
                  00016174    00000030     stk.aem4f : listlib.oem4f (.text:list_remove_node)
                  000161a4    00000030     http_ndk.aem4f : httpcli.oem4f (.text:skipLine)
                  000161d4    00000030     main_pem4f.oem4f (.text:ti_sysbios_BIOS_atExitFunc__I)
                  00016204    00000004     main_pem4f.oem4f (.text:ti_sysbios_heaps_HeapMem_Module_GateProxy_leave__E)
                  00016208    00000030     sysbios.aem4f : BIOS.obj (.text:ti_sysbios_family_arm_lm4_Timer_stop__E)
                  00016238    00000030                   : BIOS.obj (.text:ti_sysbios_family_arm_m3_TaskSupport_start__E)
                  00016268    00000030     main_pem4f.oem4f (.text:ti_sysbios_gates_GateHwi_Object__create__S)
                  00016298    00000030     main_pem4f.oem4f (.text:ti_sysbios_gates_GateMutex_Object__create__S)
                  000162c8    00000030     sysbios.aem4f : BIOS.obj (.text:ti_sysbios_gates_GateMutex_enter__E)
                  000162f8    00000030     main_pem4f.oem4f (.text:ti_sysbios_heaps_HeapMem_Object__create__S)
                  00016328    00000030     main_pem4f.oem4f (.text:ti_sysbios_knl_Event_create)
                  00016358    00000030     main_pem4f.oem4f (.text:ti_sysbios_knl_Semaphore_construct)
                  00016388    00000030     ti.targets.arm.rtsarm.aem4f : SysMin.oem4f (.text:xdc_runtime_SysMin_abort__E)
                  000163b8    00000030                                 : System.oem4f (.text:xdc_runtime_System_processAtExit__E)
                  000163e8    0000002e     stk.aem4f : sb.oem4f (.text:SBFree)
                  00016416    0000002e     main_pem4f.oem4f (.text:malloc)
                  00016444    0000002e     rtsv7M4_T_le_v4SPD16_eabi.lib : i_tofd_t2.asm.obj (.text)
                  00016472    0000002e                                   : strcasecmp.c.obj (.text:strcasecmp)
                  000164a0    0000002c     driverlib.lib : emac.obj (.text:EMACIntStatus)
                  000164cc    0000002c     stk.aem4f : file.oem4f (.text:FdSignalEvent)
                  000164f8    0000002c               : igmp.oem4f (.text:IGMPTestGroup)
                  00016524    0000002c     os.aem4f : task.oem4f (.text:NDK_hookCreate)
                  00016550    0000002c     stk.aem4f : nimu.oem4f (.text:NIMUAllocateIndex)
                  0001657c    0000002c               : nimu.oem4f (.text:NIMUPacketServiceCheck)
                  000165a8    0000002c               : pipe.oem4f (.text:PipeClose)
                  000165d4    0000002c     sntp_ndk.aem4f : sntp.oem4f (.text:SNTP_forceTimeSync)
                  00016600    0000002c     stk.aem4f : sockpcb.oem4f (.text:SockPcbAttach)
                  0001662c    0000002c               : lli.oem4f (.text:_LLIExpListRemove)
                  00016658    0000002c               : lli.oem4f (.text:_LLITimeoutFlush)
                  00016684    0000002c               : rtable.oem4f (.text:_RtExpListRemove)
                  000166b0    0000002c               : file.oem4f (.text:fdint_setevent)
                  000166dc    0000002c     http_ndk.aem4f : httpcli.oem4f (.text:lookUpResponseFields)
                  00016708    0000002c     rtsv7M4_T_le_v4SPD16_eabi.lib : strncmp.c.obj (.text:strncmp)
                  00016734    0000002c     main_pem4f.oem4f (.text:ti_sysbios_knl_Clock_doTick__I)
                  00016760    0000002c     main_pem4f.oem4f (.text:ti_sysbios_knl_Queue_construct)
                  0001678c    00000004     main_pem4f.oem4f (.text:ti_sysbios_knl_Clock_TimerProxy_getMaxTicks__E)
                  00016790    0000002c     sysbios.aem4f : BIOS.obj (.text:ti_sysbios_knl_Task_restore__E)
                  000167bc    0000002c     ti.targets.arm.rtsarm.aem4f : Text.oem4f (.text:xdc_runtime_Text_cordText__E)
                  000167e8    0000002a     driverlib.lib : gpio.obj (.text:GPIODirModeSet)
                  00016812    0000002a     stk.aem4f : pbm.oem4f (.text:PBMQ_deq)
                  0001683c    0000002a     netctrl_min_ipv4.aem4f : netsrv.oem4f (.text:ServiceCallback)
                  00016866    0000002a     nettool_ipv4.aem4f : config.oem4f (.text:_CfgRelease)
                  00016890    0000002a                        : inetaddr.oem4f (.text:mergeLists)
                  000168ba    0000002a     rtsv7M4_T_le_v4SPD16_eabi.lib : strspn.c.obj (.text:strspn)
                  000168e4    0000002a     ti.targets.arm.rtsarm.aem4f : System.oem4f (.text:xdc_runtime_System_putchar__I)
                  0001690e    00000002     --HOLE-- [fill = 0]
                  00016910    00000028     stk.aem4f : bind.oem4f (.text:BindFindByNet)
                  00016938    00000028               : lli.oem4f (.text:LLIFree)
                  00016960    00000028     netctrl_min_ipv4.aem4f : netctrl.oem4f (.text:NC_SystemClose)
                  00016988    00000028     stk.aem4f : nimu.oem4f (.text:NIMUCreatePacket)
                  000169b0    00000028               : nimu.oem4f (.text:NIMUPacketService)
                  000169d8    00000028               : tcpin.oem4f (.text:TcpEnterTimeWait)
                  00016a00    00000028               : timer.oem4f (.text:TimerListRemove)
                  00016a28    00000028               : vlan.oem4f (.text:VLANFindSourceInterface)
                  00016a50    00000028               : vlan.oem4f (.text:VLANInit)
                  00016a78    00000028     nettool_ipv4.aem4f : dhcpsock.oem4f (.text:dhcpPacketReceive)
                  00016aa0    00000028     drivers_tivaware.aem4f : EMACSnow.oem4f (.text:signalLinkChange)
                  00016ac8    00000028     sysbios.aem4f : BIOS.obj (.text:ti_sysbios_knl_Clock_addI__E)
                  00016af0    00000028                   : BIOS.obj (.text:ti_sysbios_knl_Swi_Module_startup__E)
                  00016b18    00000026     nettool_ipv4.aem4f : config.oem4f (.text:CfgEntryInfo)
                  00016b3e    00000026     driverlib.lib : emac.obj (.text:EMACPHYRead)
                  00016b64    00000026                   : emac.obj (.text:EMACPHYWrite)
                  00016b8a    00000026     stk.aem4f : rawethsock.oem4f (.text:RawEthSockClose)
                  00016bb0    00000026     sysbios.aem4f : m3_Hwi_asm.obj (.text:ti_sysbios_family_arm_m3_Hwi_pendSV__I)
                  00016bd6    00000026     ti.targets.arm.rtsarm.aem4f : System.oem4f (.text:xdc_runtime_System_avprintf__E)
                  00016bfc    00000024     stk.aem4f : bind.oem4f (.text:BindFindByHost)
                  00016c20    00000024               : bind.oem4f (.text:BindGetIFByDBCast)
                  00016c44    00000024     drivers_tivaware.aem4f : EMACSnow.oem4f (.text:EMACSnow_pkt_service)
                  00016c68    00000024                            : EMACSnow.oem4f (.text:EMACSnow_primeRx)
                  00016c8c    00000024     stk.aem4f : exec.oem4f (.text:ExecTimer)
                  00016cb0    00000024     http_ndk.aem4f : httpcli.oem4f (.text:HTTPCli_disconnect)
                  00016cd4    00000024     stk.aem4f : nimu.oem4f (.text:NIMUFindByIndex)
                  00016cf8    00000024               : rtc.oem4f (.text:RTCAddHook)
                  00016d1c    00000024               : rawethsock_pcb.oem4f (.text:RawEthSockPcbFind)
                  00016d40    00000024               : route.oem4f (.text:RtFree)
                  00016d64    00000024               : route.oem4f (.text:RtSetTimeout)
                  00016d88    00000024               : sockpcb.oem4f (.text:SockPcbCleanup)
                  00016dac    00000024               : tcptime.oem4f (.text:TcpTimeoutWait2)
                  00016dd0    00000024     nettool_ipv4.aem4f : config.oem4f (.text:_CfgEntryProcess)
                  00016df4    00000024     http_ndk.aem4f : httpcli.oem4f (.text:getRequestFieldValue)
                  00016e18    00000024     rtsv7M4_T_le_v4SPD16_eabi.lib : strcspn.c.obj (.text:strcspn)
                  00016e3c    00000024     main_pem4f.oem4f (.text:ti_sysbios_BIOS_errorRaiseHook__I)
                  00016e60    00000024     main_pem4f.oem4f (.text:ti_sysbios_BIOS_registerRTSLock__I)
                  00016e84    00000024     main_pem4f.oem4f (.text:ti_sysbios_BIOS_removeRTSLock__I)
                  00016ea8    00000024     main_pem4f.oem4f (.text:ti_sysbios_BIOS_startFunc__I)
                  00016ecc    00000024     main_pem4f.oem4f (.text:ti_sysbios_gates_GateMutex_Object__delete__S)
                  00016ef0    00000024     sysbios.aem4f : BIOS.obj (.text:ti_sysbios_knl_Clock_Module_startup__E)
                  00016f14    00000004     main_pem4f.oem4f (.text:ti_sysbios_knl_Event_delete)
                  00016f18    00000024     sysbios.aem4f : BIOS.obj (.text:ti_sysbios_knl_Semaphore_Instance_init__E)
                  00016f3c    00000024     main_pem4f.oem4f (.text:ti_sysbios_knl_Semaphore_Object__delete__S)
                  00016f60    00000024     sysbios.aem4f : BIOS.obj (.text:ti_sysbios_knl_Task_restoreHwi__E)
                  00016f84    00000024     ti.targets.arm.rtsarm.aem4f : System.oem4f (.text:xdc_runtime_System_vprintf__E)
                  00016fa8    00000022     nettool_ipv4.aem4f : config.oem4f (.text:CfgEntryRef)
                  00016fca    00000022     stk.aem4f : vlan.oem4f (.text:VLANFindNode)
                  00016fec    00000004     main_pem4f.oem4f (.text:ti_sysbios_knl_Queue_destruct)
                  00016ff0    00000022     sysbios.aem4f : BIOS.obj (.text:ti_sysbios_family_arm_lm4_Timer_write__I)
                  00017012    00000022     main_pem4f.oem4f (.text:xdc_runtime_SysMin_output__I)
                  00017034    00000020     netctrl_min_ipv4.aem4f : netctrl.oem4f (.text:NC_BootComplete)
                  00017054    00000020     stk.aem4f : nimu.oem4f (.text:NIMUGetNumOfObject)
                  00017074    00000020               : rtc.oem4f (.text:RTCRemoveHook)
                  00017094    00000020               : tcp.oem4f (.text:TcpTimeoutRemove)
                  000170b4    00000020     Boot.aem4f : Boot_sysctl.oem4f (.text:_SysCtlMemTimingGet)
                  000170d4    00000020     main_pem4f.oem4f (.text:ti_sysbios_BIOS_rtsLock__I)
                  000170f4    00000020     main_pem4f.oem4f (.text:ti_sysbios_family_arm_m3_Hwi_Object__delete__S)
                  00017114    00000020     sysbios.aem4f : m3_Hwi_asm.obj (.text:ti_sysbios_family_arm_m3_Hwi_excHandlerAsm__I)
                  00017134    00000004     main_pem4f.oem4f (.text:ti_sysbios_knl_Semaphore_delete)
                  00017138    00000020     sysbios.aem4f : BIOS.obj (.text:ti_sysbios_family_arm_m3_Hwi_excHandler__I)
                  00017158    00000020     main_pem4f.oem4f (.text:ti_sysbios_gates_GateHwi_Object__delete__S)
                  00017178    00000020     main_pem4f.oem4f (.text:ti_sysbios_heaps_HeapMem_Object__delete__S)
                  00017198    00000020     main_pem4f.oem4f (.text:ti_sysbios_knl_Event_Object__delete__S)
                  000171b8    00000020     sysbios.aem4f : BIOS.obj (.text:ti_sysbios_knl_Idle_run__E)
                  000171d8    00000020     main_pem4f.oem4f (.text:ti_sysbios_knl_Semaphore_Object__destruct__S)
                  000171f8    00000020     main_pem4f.oem4f (.text:ti_sysbios_knl_Swi_Object__delete__S)
                  00017218    00000020     main_pem4f.oem4f (.text:ti_sysbios_knl_Task_Object__delete__S)
                  00017238    00000020     ti.targets.arm.rtsarm.aem4f : Registry.oem4f (.text:xdc_runtime_Registry_findById__E)
                  00017258    00000020                                 : SysMin.oem4f (.text:xdc_runtime_SysMin_Module_startup__E)
                  00017278    0000001e     stk.aem4f : fileuser.oem4f (.text:fdError)
                  00017296    0000001e               : listlib.oem4f (.text:list_remove)
                  000172b4    0000001e     main.obj (.text:send)
                  000172d2    0000001e     rtsv7M4_T_le_v4SPD16_eabi.lib : strcat.c.obj (.text:strcat)
                  000172f0    0000001e     sysbios.aem4f : m3_Hwi_asm_switch.obj (.text:ti_sysbios_family_xxx_Hwi_switchAndRunFunc)
                  0001730e    00000002     --HOLE-- [fill = 0]
                  00017310    0000001c     stk.aem4f : bind.oem4f (.text:BindFindByIF)
                  0001732c    0000001c               : exec.oem4f (.text:ExecBroadcast)
                  00017348    0000001c     os.aem4f : ossys.oem4f (.text:NDK_sprintf)
                  00017364    0000001c     stk.aem4f : nimu.oem4f (.text:NIMUAddHeader)
                  00017380    0000001c               : sockprot.oem4f (.text:SockPrDetach)
                  0001739c    0000001c     network_ndk.aem4f : ssock.oem4f (.text:Ssock_destruct)
                  000173b8    0000001c     os.aem4f : task.oem4f (.text:TaskDestroy)
                  000173d4    0000001c     drivers_tivaware.aem4f : GPIOTiva.oem4f (.text:getGpioIntIndex)
                  000173f0    0000001c     rtsv7M4_T_le_v4SPD16_eabi.lib : memccpy.c.obj (.text:memccpy)
                  0001740c    0000001c     main_pem4f.oem4f (.text:ti_ndk_config_global_taskCreateHook)
                  00017428    0000001c     sysbios.aem4f : BIOS.obj (.text:ti_sysbios_family_arm_lm4_Seconds_get__E)
                  00017444    0000001c     main_pem4f.oem4f (.text:ti_sysbios_family_arm_m3_Hwi_Object__destruct__S)
                  00017460    0000001c     sysbios.aem4f : BIOS.obj (.text:ti_sysbios_gates_GateMutex_Instance_init__E)
                  0001747c    0000001c     main_pem4f.oem4f (.text:ti_sysbios_knl_Queue_Object__destruct__S)
                  00017498    0000001c     sysbios.aem4f : BIOS.obj (.text:ti_sysbios_knl_Queue_put__E)
                  000174b4    00000004     main_pem4f.oem4f (.text:ti_sysbios_knl_Semaphore_destruct)
                  000174b8    0000001c     sysbios.aem4f : BIOS.obj (.text:ti_sysbios_knl_Task_enter__I)
                  000174d4    0000001c     ti.targets.arm.rtsarm.aem4f : Error.oem4f (.text:xdc_runtime_Error_raiseX__E)
                  000174f0    0000001c                                 : Memory.oem4f (.text:xdc_runtime_Memory_valloc__E)
                  0001750c    0000001c                                 : SysMin.oem4f (.text:xdc_runtime_SysMin_exit__E)
                  00017528    0000001c                                 : System.oem4f (.text:xdc_runtime_System_abort__E)
                  00017544    0000001a     stk.aem4f : bind.oem4f (.text:BindGetIP)
                  0001755e    0000001a               : sockint.oem4f (.text:SockSetOOBMark)
                  00017578    0000001a     rtsv7M4_T_le_v4SPD16_eabi.lib : s_copysign.c.obj (.text:copysign)
                  00017592    0000001a     stk.aem4f : file.oem4f (.text:fdint_getfdt)
                  000175ac    0000001a     main_pem4f.oem4f (.text:free)
                  000175c6    0000001a     main_pem4f.oem4f (.text:ti_sysbios_family_arm_m3_Hwi_Handle__label__S)
                  000175e0    0000001a     main_pem4f.oem4f (.text:ti_sysbios_gates_GateHwi_Handle__label__S)
                  000175fa    0000001a     main_pem4f.oem4f (.text:ti_sysbios_gates_GateMutex_Handle__label__S)
                  00017614    0000001a     main_pem4f.oem4f (.text:ti_sysbios_heaps_HeapMem_Handle__label__S)
                  0001762e    0000001a     main_pem4f.oem4f (.text:ti_sysbios_knl_Swi_Handle__label__S)
                  00017648    0000001a     main_pem4f.oem4f (.text:ti_sysbios_knl_Task_Handle__label__S)
                  00017662    00000006     driverlib.lib : i2c.obj (.text:I2CMasterIntDisable)
                  00017668    0000001a     sysbios.aem4f : BIOS.obj (.text:ti_sysbios_knl_Task_sleepTimeout__I)
                  00017682    0000001a     main_pem4f.oem4f (.text:xdc_runtime_System_aprintf__E)
                  0001769c    0000001a     main_pem4f.oem4f (.text:xdc_runtime_System_printf__E)
                  000176b6    00000002     --HOLE-- [fill = 0]
                  000176b8    00000018     drivers_tivaware.aem4f : EMACSnow.oem4f (.text:EMACSnow_emacSend)
                  000176d0    00000018     stk.aem4f : ip.oem4f (.text:IPRtChange)
                  000176e8    00000018               : rawethsock_pcb.oem4f (.text:RawEthSockPcbCleanup)
                  00017700    00000018     nettool_ipv4.aem4f : ipaddr.oem4f (.text:RouteHook)
                  00017718    00000018     stk.aem4f : tcpin.oem4f (.text:SEQ_GEQ)
                  00017730    00000018               : tcpout.oem4f (.text:SEQ_GEQ)
                  00017748    00000018               : tcpin.oem4f (.text:SEQ_GT)
                  00017760    00000018               : tcpout.oem4f (.text:SEQ_GT)
                  00017778    00000018               : tcpin.oem4f (.text:SEQ_LEQ)
                  00017790    00000018               : tcpout.oem4f (.text:SEQ_LEQ)
                  000177a8    00000018               : tcpin.oem4f (.text:SEQ_LT)
                  000177c0    00000018               : tcpout.oem4f (.text:SEQ_LT)
                  000177d8    00000018               : tcp.oem4f (.text:TcpTimeoutAdd)
                  000177f0    00000018     rtsv7M4_T_le_v4SPD16_eabi.lib : args_main.c.obj (.text:_args_main)
                  00017808    00000018                                   : snprintf.c.obj (.text:_outc)
                  00017820    00000018                                   : sprintf.c.obj (.text:_outs)
                  00017838    00000018     nettool_ipv4.aem4f : dhcpsock.oem4f (.text:dhcpSocketClose)
                  00017850    00000018     stk.aem4f : file.oem4f (.text:fdint_clearevent)
                  00017868    00000018     nettool_ipv4.aem4f : inetaddr.oem4f (.text:freeaddrinfo)
                  00017880    00000018     stk.aem4f : listlib.oem4f (.text:list_add)
                  00017898    00000018     rtsv7M4_T_le_v4SPD16_eabi.lib : strcmp.c.obj (.text:strcmp)
                  000178b0    00000018     main_pem4f.oem4f (.text:ti_sysbios_BIOS_rtsUnlock__I)
                  000178c8    00000018     main_pem4f.oem4f (.text:ti_sysbios_family_arm_lm4_Timer_Module__startupDone__F)
                  000178e0    00000018     main_pem4f.oem4f (.text:ti_sysbios_family_arm_m3_Hwi_Module__startupDone__F)
                  000178f8    00000018     sysbios.aem4f : m3_TaskSupport_asm.obj (.text:ti_sysbios_family_arm_m3_TaskSupport_swap__E)
                  00017910    00000018                   : BIOS.obj (.text:ti_sysbios_gates_GateMutex_leave__E)
                  00017928    00000018     main_pem4f.oem4f (.text:time)
                  00017940    00000018     ti.targets.arm.rtsarm.aem4f : Error.oem4f (.text:xdc_runtime_Error_check__E)
                  00017958    00000018                                 : System.oem4f (.text:xdc_runtime_System_exit__E)
                  00017970    00000018                                 : Text.oem4f (.text:xdc_runtime_Text_ropeText__E)
                  00017988    00000016     driverlib.lib : emac.obj (.text:EMACReset)
                  0001799e    00000016                   : emac.obj (.text:EMACRxEnable)
                  000179b4    00000016                   : emac.obj (.text:EMACTxEnable)
                  000179ca    00000016     http_ndk.aem4f : httpcli.oem4f (.text:HTTPCli_destruct)
                  000179e0    00000016                    : httpcli.oem4f (.text:HTTPCli_readRawResponseBody)
                  000179f6    00000016     driverlib.lib : i2c.obj (.text:I2CMasterErr)
                  00017a0c    00000016     stk.aem4f : file.oem4f (.text:fdint_freefdt)
                  00017a22    00000016     rtsv7M4_T_le_v4SPD16_eabi.lib : strchr.c.obj (.text:strchr)
                  00017a38    00000016     main_pem4f.oem4f (.text:ti_sysbios_BIOS_exitFunc__I)
                  00017a4e    00000016     main.obj (.text:ti_sysbios_knl_Semaphore_Params_init)
                  00017a64    00000016     main.obj (.text:ti_sysbios_knl_Task_Params_init)
                  00017a7a    00000016     ti.targets.arm.rtsarm.aem4f : System.oem4f (.text:xdc_runtime_System_vsprintf__E)
                  00017a90    00000014     stk.aem4f : bind.oem4f (.text:BindIPHost2IF)
                  00017aa4    00000014     driverlib.lib : flash.obj (.text:FlashUserGet)
                  00017ab8    00000014     http_ndk.aem4f : httpcli.oem4f (.text:HTTPCli_getResponseStatus)
                  00017acc    00000014     netctrl_min_ipv4.aem4f : netctrl.oem4f (.text:NC_NetStop)
                  00017ae0    00000014     os.aem4f : task.oem4f (.text:NDK_hookExit)
                  00017af4    00000014     stk.aem4f : nimu.oem4f (.text:NIMUSendPacket)
                  00017b08    00000014     nettool_ipv4.aem4f : ipaddr.oem4f (.text:NtRemoveNetwork)
                  00017b1c    00000014     stk.aem4f : rawethsock_pcb.oem4f (.text:RawEthSockPcbInit)
                  00017b30    00000014     network_ndk.aem4f : ssock.oem4f (.text:Ssock_construct)
                  00017b44    00000014     stk.aem4f : timer.oem4f (.text:TimerFree)
                  00017b58    00000014     main.obj (.text:connect)
                  00017b6c    00000014     main.obj (.text:socket)
                  00017b80    00000014     rtsv7M4_T_le_v4SPD16_eabi.lib : strcpy.c.obj (.text:strcpy)
                  00017b94    00000014                                   : strlen.c.obj (.text:strlen)
                  00017ba8    00000014     main_pem4f.oem4f (.text:ti_ndk_config_global_taskExitHook)
                  00017bbc    00000014     main_pem4f.oem4f (.text:ti_sysbios_family_arm_m3_Hwi_Object__get__S)
                  00017bd0    00000014     sysbios.aem4f : BIOS.obj (.text:ti_sysbios_family_arm_m3_Hwi_switchFromBootStack__E)
                  00017be4    00000014     main_pem4f.oem4f (.text:ti_sysbios_heaps_HeapMem_Object__get__S)
                  00017bf8    00000014     sysbios.aem4f : BIOS.obj (.text:ti_sysbios_knl_Event_Instance_init__E)
                  00017c0c    00000014     main_pem4f.oem4f (.text:ti_sysbios_knl_Swi_Object__get__S)
                  00017c20    00000014     main_pem4f.oem4f (.text:ti_sysbios_knl_Task_Object__first__S)
                  00017c34    00000014     main_pem4f.oem4f (.text:ti_sysbios_knl_Task_Object__next__S)
                  00017c48    00000014     main.obj (.text:timeUpdateHook)
                  00017c5c    00000012     driverlib.lib : gpio.obj (.text:GPIOPinTypeEthernetLED)
[...]
0001aeb4  xdc_runtime_IHeap_Interface__BASE__C                                 
0001aeb8  xdc_runtime_IModule_Interface__BASE__C                               
0001aebc  xdc_runtime_Log_L_error__C                                           
0001aec0  xdc_runtime_Main_Module__diagsEnabled__C                             
0001aec4  xdc_runtime_Main_Module__diagsIncluded__C                            
0001aec8  xdc_runtime_Main_Module__diagsMask__C                                
0001aecc  xdc_runtime_Main_Module__loggerFxn4__C                               
0001aed0  xdc_runtime_Main_Module__loggerObj__C                                
0001aed4  xdc_runtime_Memory_defaultHeapInstance__C                            
0001aed8  xdc_runtime_Startup_execImpl__C                                      
0001aedc  xdc_runtime_Startup_lastFxns__A                                      
0001aee0  xdc_runtime_Startup_maxPasses__C                                     
0001aee4  xdc_runtime_Startup_sfxnRts__C                                       
0001aee8  xdc_runtime_Startup_sfxnTab__C                                       
0001aeec  xdc_runtime_SysMin_bufSize__C                                        
0001aef0  xdc_runtime_SysMin_outputFunc__C                                     
0001aef4  xdc_runtime_System_Module__gateObj__C                                
0001aef8  xdc_runtime_System_abortFxn__C                                       
0001aefc  xdc_runtime_System_exitFxn__C                                        
0001af00  xdc_runtime_System_extendFxn__C                                      
0001af04  xdc_runtime_System_maxAtexitHandlers__C                              
0001af08  xdc_runtime_Text_charTab__C                                          
0001af0c  xdc_runtime_Text_nameEmpty__C                                        
0001af10  xdc_runtime_Text_nameStatic__C                                       
0001af14  xdc_runtime_Text_nameUnknown__C                                      
0001af18  xdc_runtime_Text_nodeTab__C                                          
0001af1c  xdc_runtime_Text_visitRopeFxn__C                                     
0001af20  xdc_runtime_Core_Module__id__C                                       
0001af22  xdc_runtime_Error_Module__loggerDefined__C                           
0001af24  xdc_runtime_Error_maxDepth__C                                        
0001af26  xdc_runtime_Main_Module__id__C                                       
0001af28  xdc_runtime_Main_Module__loggerDefined__C                            
0001af2a  xdc_runtime_Memory_Module__id__C                                     
0001af2c  xdc_runtime_SysMin_flushAtExit__C                                    
0001af2e  xdc_runtime_Text_charCnt__C                                          
0001af30  xdc_runtime_Text_isLoaded__C                                         
0001af32  xdc_runtime_Text_registryModsLastId__C                               
0001af34  xdc_runtime_Text_unnamedModsLastId__C                                
0001af36  xdc_runtime_Error_policy__C                                          
0001af38  __TI_static_base__                                                   
0001b450  __TI_Handler_Table_Base                                              
0001b45c  __TI_Handler_Table_Limit                                             
0001b470  __TI_CINIT_Base                                                      
0001b488  __TI_CINIT_Limit                                                     
20000000  __start___llvm_prf_cnts                                              
20000000  __stop___llvm_prf_cnts                                               
20000000  ti_sysbios_family_arm_m3_Hwi_ramVectors                              
20000380  ti_sysbios_heaps_HeapMem_Instance_State_0_buf__A                     
20016380  ti_ndk_config_Global_pit                                             
20016498  ti_ndk_config_Global_pitBuffer                                       
2001dc98  ti_sysbios_knl_Task_Instance_State_0_stack__A                        
2001fc98  ti_sysbios_knl_Task_Instance_State_1_stack__A                        
20021c98  ti_sysbios_knl_Task_Instance_State_2_stack__A                        
20023c98  ti_sysbios_knl_Task_Instance_State_3_stack__A                        
20024298  ti_sysbios_knl_Task_Instance_State_4_stack__A                        
20024a98  ips                                                                  
20024b00  ti_ndk_config_Global_pBufMem                                         
20028700  ti_ndk_config_Global_pHdrMem                                         
200289f8  ti_sysbios_family_arm_m3_Hwi_dispatchTable                           
20028d58  data                                                                 
20028f58  __CIOBUF_                                                            
20029178  i2cTivaObjects                                                       
20029278  msg                                                                  
20029378  tcps                                                                 
20029694  xdc_runtime_SysMin_Module_State_0_outbuf__A                          
20029714  nimu_mcb                                                             
20029778  _ICMPIn                                                              
200297c4  _ICMPOut                                                             
20029850  desc                                                                 
20029890  hum                                                                  
200298d0  temp                                                                 
20029910  ntpServers                                                           
20029940  vlan_mcb                                                             
2002998c  udps                                                                 
200299cc  BlockCount                                                           
200299e8  BlockMax                                                             
20029a04  PageCount                                                            
20029a20  PageMax                                                              
20029a3c  stkEvent                                                             
20029a78  raweths                                                              
20029a88  raws                                                                 
20029a98  PBMQ_free                                                            
20029aa4  tpseudo                                                              
20029ab0  upseudo                                                              
20029ac4  emacObjects                                                          
20029acc  parmbuf                                                              
20029af8  _IGMPInDiscard                                                       
20029afc  _IGMPInQuery                                                         
20029b00  _IGMPInQueryGroup                                                    
20029b04  _IGMPInResponse                                                      
20029b08  _IGMPOutResponse                                                     
20029b0c  g_ulStatus                                                           
20029b20  raweth_pcb                                                           
20029b24  ti_sysbios_knl_Task_Instance_State_0_hookEnv__A                      
20029b28  ti_sysbios_knl_Task_Instance_State_1_hookEnv__A                      
20029b2c  ti_sysbios_knl_Task_Instance_State_2_hookEnv__A                      
20029b30  ti_sysbios_knl_Task_Instance_State_3_hookEnv__A                      
20029b34  ti_sysbios_knl_Task_Instance_State_4_hookEnv__A                      
20029b38  __stack                                                              
2002ab38  __STACK_END                                                          
2002ab38  ti_sysbios_knl_Task_Object__table__V                                 
2002acb4  HTTPStd_VER                                                          
2002acb8  HTTPStd_GET                                                          
2002acbc  HTTPStd_POST                                                         
2002acc0  HTTPStd_HEAD                                                         
2002acc4  HTTPStd_OPTIONS                                                      
2002acc8  HTTPStd_PUT                                                          
2002accc  HTTPStd_DELETE                                                       
2002acd0  HTTPStd_CONNECT                                                      
2002acd4  HTTPStd_PATCH                                                        
2002acd8  HTTPStd_CONTENT_TYPE_APPLET                                          
2002acdc  HTTPStd_CONTENT_TYPE_AU                                              
2002ace0  HTTPStd_CONTENT_TYPE_CSS                                             
2002ace4  HTTPStd_CONTENT_TYPE_DOC                                             
2002ace8  HTTPStd_CONTENT_TYPE_GIF                                             
2002acec  HTTPStd_CONTENT_TYPE_HTML                                            
2002acf0  HTTPStd_CONTENT_TYPE_JPG                                             
2002acf4  HTTPStd_CONTENT_TYPE_MPEG                                            
2002acf8  HTTPStd_CONTENT_TYPE_PDF                                             
2002acfc  HTTPStd_CONTENT_TYPE_WAV                                             
2002ad00  HTTPStd_CONTENT_TYPE_ZIP                                             
2002ad04  HTTPStd_CONTENT_TYPE_PLAIN                                           
2002ad08  HTTPStd_FIELD_NAME_ACCEPT                                            
2002ad0c  HTTPStd_FIELD_NAME_ACCEPT_CHARSET                                    
2002ad10  HTTPStd_FIELD_NAME_ACCEPT_ENCODING                                   
2002ad14  HTTPStd_FIELD_NAME_ACCEPT_LANGUAGE                                   
2002ad18  HTTPStd_FIELD_NAME_ACCEPT_RANGES                                     
2002ad1c  HTTPStd_FIELD_NAME_AGE                                               
2002ad20  HTTPStd_FIELD_NAME_ALLOW                                             
2002ad24  HTTPStd_FIELD_NAME_AUTHORIZATION                                     
2002ad28  HTTPStd_FIELD_NAME_CACHE_CONTROL                                     
2002ad2c  HTTPStd_FIELD_NAME_CONNECTION                                        
2002ad30  HTTPStd_FIELD_NAME_CONTENT_ENCODING                                  
2002ad34  HTTPStd_FIELD_NAME_CONTENT_LANGUAGE                                  
2002ad38  HTTPStd_FIELD_NAME_CONTENT_LENGTH                                    
2002ad3c  HTTPStd_FIELD_NAME_CONTENT_LOCATION                                  
2002ad40  HTTPStd_FIELD_NAME_CONTENT_MD5                                       
2002ad44  HTTPStd_FIELD_NAME_CONTENT_RANGE                                     
2002ad48  HTTPStd_FIELD_NAME_CONTENT_TYPE                                      
2002ad4c  HTTPStd_FIELD_NAME_COOKIE                                            
2002ad50  HTTPStd_FIELD_NAME_DATE                                              
2002ad54  HTTPStd_FIELD_NAME_ETAG                                              
2002ad58  HTTPStd_FIELD_NAME_EXPECT                                            
2002ad5c  HTTPStd_FIELD_NAME_EXPIRES                                           
2002ad60  HTTPStd_FIELD_NAME_FROM                                              
2002ad64  HTTPStd_FIELD_NAME_HOST                                              
2002ad68  HTTPStd_FIELD_NAME_IF_MATCH                                          
2002ad6c  HTTPStd_FIELD_NAME_IF_MODIFIED_SINCE                                 
2002ad70  HTTPStd_FIELD_NAME_IF_NONE_MATCH                                     
2002ad74  HTTPStd_FIELD_NAME_IF_RANGE                                          
2002ad78  HTTPStd_FIELD_NAME_IF_UNMODIFIED_SINCE                               
2002ad7c  HTTPStd_FIELD_NAME_LAST_MODIFIED                                     
2002ad80  HTTPStd_FIELD_NAME_LOCATION                                          
2002ad84  HTTPStd_FIELD_NAME_MAX_FORWARDS                                      
2002ad88  HTTPStd_FIELD_NAME_ORIGIN                                            
2002ad8c  HTTPStd_FIELD_NAME_PRAGMA                                            
2002ad90  HTTPStd_FIELD_NAME_PROXY_AUTHENTICATE                                
2002ad94  HTTPStd_FIELD_NAME_PROXY_AUTHORIZATION                               
2002ad98  HTTPStd_FIELD_NAME_RANGE                                             
2002ad9c  HTTPStd_FIELD_NAME_REFERER                                           
2002ada0  HTTPStd_FIELD_NAME_RETRY_AFTER                                       
2002ada4  HTTPStd_FIELD_NAME_SERVER                                            
2002ada8  HTTPStd_FIELD_NAME_TE                                                
2002adac  HTTPStd_FIELD_NAME_TRAILER                                           
2002adb0  HTTPStd_FIELD_NAME_TRANSFER_ENCODING                                 
2002adb4  HTTPStd_FIELD_NAME_UPGRADE                                           
2002adb8  HTTPStd_FIELD_NAME_USER_AGENT                                        
2002adbc  HTTPStd_FIELD_NAME_VARY                                              
2002adc0  HTTPStd_FIELD_NAME_VIA                                               
2002adc4  HTTPStd_FIELD_NAME_WWW_AUTHENTICATE                                  
2002adc8  HTTPStd_FIELD_NAME_WARNING                                           
2002adcc  HTTPStd_FIELD_NAME_X_FORWARDED_FOR                                   
2002add0  _ipcfg                                                               
2002ae84  ti_sysbios_family_arm_lm4_Timer_Object__table__V                     
2002af04  ti_sysbios_knl_Swi_Module_State_0_readyQ__A                          
2002af84  ti_sysbios_knl_Task_Module_State_0_readyQ__A                         
2002b004  ti_sysbios_knl_Semaphore_Object__table__V                            
2002b0a4  ti_sysbios_knl_Task_Module__state__V                                 
2002b168  ti_sysbios_family_arm_lm4_Timer_Module_State_0_device__A             
2002b1a8  ti_sysbios_gates_GateMutex_Object__table__V                          
2002b214  ti_sysbios_family_arm_m3_Hwi_Module__state__V                        
2002b248  enablePrefetch                                                       
2002b24c  phyCounter                                                           
2002b27a  ti_sysbios_family_arm_m3_Hwi_Module_State_0_excActive__A             
2002b2dc  ti_sysbios_family_arm_m3_Hwi_Object__table__V                        
2002b30c  ti_sysbios_knl_Swi_Object__table__V                                  
2002b33c  ti_sysbios_knl_Clock_Module__state__V                                
2002b368  pstrMsgName                                                          
2002b390  _oscfg                                                               
2002b3d8  PITCount                                                             
2002b3dc  PITUsed                                                              
2002b3e0  PITHigh                                                              
2002b3fc  ti_sysbios_BIOS_Module__state__V                                     
2002b420  ti_sysbios_family_arm_lm4_Timer_Module_State_0_handles__A            
2002b45c  ti_ndk_config_Global_Id2Size                                         
2002b478  ti_sysbios_knl_Swi_Module__state__V                                  
2002b4dc  ti_sysbios_heaps_HeapMem_Object__table__V                            
2002b530  _tz                                                                  
2002b540  gpioPinConfigs                                                       
2002b568  _IGMPForceVersion1                                                   
2002b570  ti_sysbios_family_arm_lm4_Timer_Module__state__V                     
2002b57c  xdc_runtime_SysMin_Module__state__V                                  
2002b594  _lock                                                                
2002b598  _unlock                                                              
2002b59c  NIMUDeviceTable                                                      
2002b5a4  gpioCallbackFunctions                                                
2002b5b0  isRight                                                              
2002b5b4  ti_ndk_config_Global_HostName                                        
2002b5b8  __xdc__init__addr                                                    
2002b5cc  _ICMPInErrors                                                        
2002b5d0  _ICMPOutErrors                                                       
2002b5d4  _IPExecuting                                                         
2002b5ec  tcp_iss                                                              
2002b5f0  ptTimeFirst                                                          
2002b5fc  ti_sysbios_family_arm_lm4_Seconds_Module__state__V                   
2002b604  ti_sysbios_family_arm_lm4_TimestampProvider_Module__state__V         
2002b60c  ti_sysbios_family_arm_m3_Hwi_Module__root__V                         
2002b614  ti_sysbios_gates_GateHwi_Module__root__V                             
2002b61c  ti_sysbios_gates_GateMutex_Module__root__V                           
2002b624  ti_sysbios_heaps_HeapMem_Module__root__V                             
2002b62c  ti_sysbios_knl_Clock_Module__root__V                                 
2002b634  ti_sysbios_knl_Event_Module__root__V                                 
2002b63c  ti_sysbios_knl_Queue_Module__root__V                                 
2002b644  ti_sysbios_knl_Semaphore_Module__root__V                             
2002b64c  ti_sysbios_knl_Swi_Module__root__V                                   
2002b654  ti_sysbios_knl_Task_Module__root__V                                  
2002b65c  xdc_runtime_Registry_Module__state__V                                
2002b664  xdc_runtime_Startup_Module__state__V                                 
2002b66c  xdc_runtime_System_Module_State_0_atexitHandlers__A                  
2002b674  xdc_runtime_System_Module__state__V                                  
2002b67c  macAddress                                                           
2002b68e  xdc_runtime_Error_Module__state__V                                   
2002b6a0  errno                                                                
2002b6a4  main_func_sp                                                         
2002b6b0  _IPReasmPtr                                                          
2002b6c0  ti_sysbios_family_arm_m3_Hwi_Module_State_0_excContext__A            
2002b6c4  ti_sysbios_family_arm_m3_Hwi_Module_State_0_excStack__A              
2002b6c8  ti_sysbios_gates_GateHwi_Object__table__V                            
2002b6cc  ti_sysbios_knl_Task_Module_State_0_idleTask__A                       
2002b6d0  xdc_runtime_Memory_Module__state__V                                  
e000e000  ti_sysbios_family_arm_m3_Hwi_nvic                                    
ffffffff  __TI_pprof_out_hndl                                                  
ffffffff  __TI_prof_data_size                                                  
ffffffff  __TI_prof_data_start                                                 
ffffffff  __binit__                                                            
ffffffff  __c_args__                                                           
ffffffff  binit                                                                
UNDEFED   SHT$$INIT_ARRAY$$Base                                                
UNDEFED   SHT$$INIT_ARRAY$$Limit                                               

[1239 symbols]
